Configuration: {"mcu_kits":"ek_ra4m3","os":"baremetal","application":"blinky","modules":{}}
Current settings --
- WORKSPACE DIR:         /user_workspace/BLINK_LED_ra4m3
- PROJECT DIR:           /build/qcs/project
- SCRIPTS DIR:           /e2_studio/scripts/xml_testing
- PROJECT TEMPLATE:
- PROJECT COMPONENTS:    /tmp/temp_1787959777168.yml
- MCU TEMPLATE:
- SENSORS TEMPLATE:
- CONNECTIVITY TEMPLATE:
- VERBOSE:
[=== Verifying Local Repo ===]
[=== XML Testing ===]
Initiated with following settings:
- BASE:         /build/qcs/project
- PROJECT:      /tmp/temp_1787959777168.yml
- PROJECT Name: BLINK_LED_ra4m3
- MCU:
- APPLICATION:
- SENSORS:
- CONNECTIVITY:
- OUTPUT:       e2_studio/input/default_projects.yml
YAML file 'e2_studio/input/default_projects.yml' generated successfully.
Creating and building the projects...
2026-08-28 23:29:50,225 - ease_create_projects.py - INFO - FSP versions available - 5.8.0, 5.9.0, 6.1.0
2026-08-28 23:29:50,225 - ease_create_projects.py - INFO - Using default FSP version: 5.9.0
2026-08-28 23:29:51,611 - ease_create_projects.py - INFO - Process with current setting WORKSPACE: /user_workspace
2026-08-28 23:29:51,611 - ease_create_projects.py - INFO - Number of projects to be created: 1
2026-08-28 23:29:51,611 - ease_create_projects.py - INFO - Creating project 0 - BLINK_LED_ra4m3
2026-08-28 23:29:51,612 - ease_create_projects.py - INFO - ... project creation in progress ...
2026-08-28 23:30:10,166 - ease_create_projects.py - INFO - ... build in progress ...
Extracting support files...
23:30:12 **** Build of configuration Debug for project BLINK_LED_ra4m3 ****
make -r -j3 all
Building file: ../src/qc-middleware/common_utils/common_utils.c
Building file: ../src/qc-middleware/SEGGER_RTT/SEGGER_RTT.c
Building file: ../src/qc-middleware/SEGGER_RTT/SEGGER_RTT_printf.c
Building file: ../src/hal_entry.c
Building file: ../src/main_application.c
Building file: ../ra_gen/common_data.c
Building file: ../ra_gen/hal_data.c
Building file: ../ra_gen/main.c
Building file: ../ra_gen/pin_data.c
Building file: ../ra_gen/vector_data.c
Building file: ../ra/fsp/src/r_ioport/r_ioport.c
Building file: ../ra/fsp/src/bsp/mcu/all/bsp_clocks.c
Building file: ../ra/fsp/src/bsp/mcu/all/bsp_common.c
Building file: ../ra/fsp/src/bsp/mcu/all/bsp_delay.c
Building file: ../ra/fsp/src/bsp/mcu/all/bsp_group_irq.c
Building file: ../ra/fsp/src/bsp/mcu/all/bsp_guard.c
Building file: ../ra/fsp/src/bsp/mcu/all/bsp_io.c
Building file: ../ra/fsp/src/bsp/mcu/all/bsp_irq.c
Building file: ../ra/fsp/src/bsp/mcu/all/bsp_macl.c
Building file: ../ra/fsp/src/bsp/mcu/all/bsp_register_protection.c
Building file: ../ra/fsp/src/bsp/mcu/all/bsp_rom_registers.c
Building file: ../ra/fsp/src/bsp/mcu/all/bsp_sbrk.c
Building file: ../ra/fsp/src/bsp/mcu/all/bsp_sdram.c
Building file: ../ra/fsp/src/bsp/mcu/all/bsp_security.c
Building file: ../ra/fsp/src/bsp/cmsis/Device/RENESAS/Source/startup.c
Building file: ../ra/fsp/src/bsp/cmsis/Device/RENESAS/Source/system.c
Building file: ../ra/board/ra4m3_ek/board_init.c
Building file: ../ra/board/ra4m3_ek/board_leds.c
Building target: BLINK_LED_ra4m3.elf
arm-none-eabi-objcopy -O srec "BLINK_LED_ra4m3.elf"  "BLINK_LED_ra4m3.srec"
arm-none-eabi-size --format=berkeley "BLINK_LED_ra4m3.elf"
text	   data	    bss	    dec	    hex	filename
3092	      8	   2200	   5300	   14b4	BLINK_LED_ra4m3.elf
23:30:15 Build Finished. 0 errors, 0 warnings. (took 2s.529ms)
2026-08-28 23:30:16,595 - ease_create_projects.py - INFO - All projects processed with no errors.
Number of projects: 1
Number of elfs    : 1
All QCS processes completed.
Generation and build finished successfully.
