Archive member included to satisfy reference by file (symbol)

C:/Program Files (x86)/Arm GNU Toolchain arm-none-eabi/13.3 rel1/bin/../lib/gcc/arm-none-eabi/13.3.1/thumb/v8-m.main+fp/hard\libg_nano.a(libc_a-exit.o)
                              C:/Program Files (x86)/Arm GNU Toolchain arm-none-eabi/13.3 rel1/bin/../lib/gcc/arm-none-eabi/13.3.1/thumb/v8-m.main+fp/hard/crt0.o (exit)
C:/Program Files (x86)/Arm GNU Toolchain arm-none-eabi/13.3 rel1/bin/../lib/gcc/arm-none-eabi/13.3.1/thumb/v8-m.main+fp/hard\libg_nano.a(libc_a-findfp.o)
                              C:/Program Files (x86)/Arm GNU Toolchain arm-none-eabi/13.3 rel1/bin/../lib/gcc/arm-none-eabi/13.3.1/thumb/v8-m.main+fp/hard\libg_nano.a(libc_a-exit.o) (__stdio_exit_handler)
C:/Program Files (x86)/Arm GNU Toolchain arm-none-eabi/13.3 rel1/bin/../lib/gcc/arm-none-eabi/13.3.1/thumb/v8-m.main+fp/hard\libg_nano.a(libc_a-fwalk.o)
                              C:/Program Files (x86)/Arm GNU Toolchain arm-none-eabi/13.3 rel1/bin/../lib/gcc/arm-none-eabi/13.3.1/thumb/v8-m.main+fp/hard\libg_nano.a(libc_a-findfp.o) (_fwalk_sglue)
C:/Program Files (x86)/Arm GNU Toolchain arm-none-eabi/13.3 rel1/bin/../lib/gcc/arm-none-eabi/13.3.1/thumb/v8-m.main+fp/hard\libg_nano.a(libc_a-sprintf.o)
                              ./src/qc-middleware/common_utils/common_utils.o (sprintf)
C:/Program Files (x86)/Arm GNU Toolchain arm-none-eabi/13.3 rel1/bin/../lib/gcc/arm-none-eabi/13.3.1/thumb/v8-m.main+fp/hard\libg_nano.a(libc_a-stdio.o)
                              C:/Program Files (x86)/Arm GNU Toolchain arm-none-eabi/13.3 rel1/bin/../lib/gcc/arm-none-eabi/13.3.1/thumb/v8-m.main+fp/hard\libg_nano.a(libc_a-findfp.o) (__sread)
C:/Program Files (x86)/Arm GNU Toolchain arm-none-eabi/13.3 rel1/bin/../lib/gcc/arm-none-eabi/13.3.1/thumb/v8-m.main+fp/hard\libg_nano.a(libc_a-memset.o)
                              C:/Program Files (x86)/Arm GNU Toolchain arm-none-eabi/13.3 rel1/bin/../lib/gcc/arm-none-eabi/13.3.1/thumb/v8-m.main+fp/hard/crt0.o (memset)
C:/Program Files (x86)/Arm GNU Toolchain arm-none-eabi/13.3 rel1/bin/../lib/gcc/arm-none-eabi/13.3.1/thumb/v8-m.main+fp/hard\libg_nano.a(libc_a-closer.o)
                              C:/Program Files (x86)/Arm GNU Toolchain arm-none-eabi/13.3 rel1/bin/../lib/gcc/arm-none-eabi/13.3.1/thumb/v8-m.main+fp/hard\libg_nano.a(libc_a-stdio.o) (_close_r)
C:/Program Files (x86)/Arm GNU Toolchain arm-none-eabi/13.3 rel1/bin/../lib/gcc/arm-none-eabi/13.3.1/thumb/v8-m.main+fp/hard\libg_nano.a(libc_a-reent.o)
                              C:/Program Files (x86)/Arm GNU Toolchain arm-none-eabi/13.3 rel1/bin/../lib/gcc/arm-none-eabi/13.3.1/thumb/v8-m.main+fp/hard\libg_nano.a(libc_a-closer.o) (errno)
C:/Program Files (x86)/Arm GNU Toolchain arm-none-eabi/13.3 rel1/bin/../lib/gcc/arm-none-eabi/13.3.1/thumb/v8-m.main+fp/hard\libg_nano.a(libc_a-impure.o)
                              C:/Program Files (x86)/Arm GNU Toolchain arm-none-eabi/13.3 rel1/bin/../lib/gcc/arm-none-eabi/13.3.1/thumb/v8-m.main+fp/hard\libg_nano.a(libc_a-sprintf.o) (_impure_ptr)
C:/Program Files (x86)/Arm GNU Toolchain arm-none-eabi/13.3 rel1/bin/../lib/gcc/arm-none-eabi/13.3.1/thumb/v8-m.main+fp/hard\libg_nano.a(libc_a-lseekr.o)
                              C:/Program Files (x86)/Arm GNU Toolchain arm-none-eabi/13.3 rel1/bin/../lib/gcc/arm-none-eabi/13.3.1/thumb/v8-m.main+fp/hard\libg_nano.a(libc_a-stdio.o) (_lseek_r)
C:/Program Files (x86)/Arm GNU Toolchain arm-none-eabi/13.3 rel1/bin/../lib/gcc/arm-none-eabi/13.3.1/thumb/v8-m.main+fp/hard\libg_nano.a(libc_a-readr.o)
                              C:/Program Files (x86)/Arm GNU Toolchain arm-none-eabi/13.3 rel1/bin/../lib/gcc/arm-none-eabi/13.3.1/thumb/v8-m.main+fp/hard\libg_nano.a(libc_a-stdio.o) (_read_r)
C:/Program Files (x86)/Arm GNU Toolchain arm-none-eabi/13.3 rel1/bin/../lib/gcc/arm-none-eabi/13.3.1/thumb/v8-m.main+fp/hard\libg_nano.a(libc_a-writer.o)
                              C:/Program Files (x86)/Arm GNU Toolchain arm-none-eabi/13.3 rel1/bin/../lib/gcc/arm-none-eabi/13.3.1/thumb/v8-m.main+fp/hard\libg_nano.a(libc_a-stdio.o) (_write_r)
C:/Program Files (x86)/Arm GNU Toolchain arm-none-eabi/13.3 rel1/bin/../lib/gcc/arm-none-eabi/13.3.1/thumb/v8-m.main+fp/hard\libg_nano.a(libc_a-errno.o)
                              ./ra/fsp/src/bsp/mcu/all/bsp_sbrk.o (__errno)
C:/Program Files (x86)/Arm GNU Toolchain arm-none-eabi/13.3 rel1/bin/../lib/gcc/arm-none-eabi/13.3.1/thumb/v8-m.main+fp/hard\libg_nano.a(libc_a-init.o)
                              C:/Program Files (x86)/Arm GNU Toolchain arm-none-eabi/13.3 rel1/bin/../lib/gcc/arm-none-eabi/13.3.1/thumb/v8-m.main+fp/hard/crt0.o (__libc_init_array)
C:/Program Files (x86)/Arm GNU Toolchain arm-none-eabi/13.3 rel1/bin/../lib/gcc/arm-none-eabi/13.3.1/thumb/v8-m.main+fp/hard\libg_nano.a(libc_a-lock.o)
[...]
Memory Configuration

Name             Origin             Length             Attributes
ITCM             0x00000000         0x00000000         xr
DTCM             0x00000000         0x00000000         xrw
FLASH            0x00000000         0x00100000         xr
RAM              0x20000000         0x00020000         xrw
DATA_FLASH       0x08000000         0x00002000         xr
QSPI_FLASH       0x60000000         0x04000000         xr
OSPI_DEVICE_0    0x80020000         0x00000000         xr
OSPI_DEVICE_1    0x80030000         0x00000000         xr
OSPI_DEVICE_0_RAM 0x80020000         0x00000000         xrw
OSPI_DEVICE_1_RAM 0x80030000         0x00000000         xrw
SDRAM            0x80010000         0x00000000         xrw
OPTION_SETTING   0x0100a100         0x00000100         r
OPTION_SETTING_OFS 0x0100a100         0x00000018         r
OPTION_SETTING_SAS 0x0100a134         0x000000cc         r
OPTION_SETTING_S 0x0100a200         0x00000100         r
ID_CODE          0x00000000         0x00000000         xr
*default*        0x00000000         0xffffffff

Linker script and memory map

LOAD C:/Program Files (x86)/Arm GNU Toolchain arm-none-eabi/13.3 rel1/bin/../lib/gcc/arm-none-eabi/13.3.1/thumb/v8-m.main+fp/hard/crti.o
LOAD C:/Program Files (x86)/Arm GNU Toolchain arm-none-eabi/13.3 rel1/bin/../lib/gcc/arm-none-eabi/13.3.1/thumb/v8-m.main+fp/hard/crtbegin.o
LOAD C:/Program Files (x86)/Arm GNU Toolchain arm-none-eabi/13.3 rel1/bin/../lib/gcc/arm-none-eabi/13.3.1/thumb/v8-m.main+fp/hard/crt0.o
START GROUP
LOAD ./src/qc-middleware/common_utils/common_utils.o
LOAD ./src/qc-middleware/SEGGER_RTT/SEGGER_RTT.o
LOAD ./src/qc-middleware/SEGGER_RTT/SEGGER_RTT_printf.o
LOAD ./src/hal_entry.o
LOAD ./src/main_application.o
LOAD ./ra_gen/common_data.o
LOAD ./ra_gen/hal_data.o
LOAD ./ra_gen/main.o
LOAD ./ra_gen/pin_data.o
LOAD ./ra_gen/vector_data.o
LOAD ./ra/fsp/src/r_ioport/r_ioport.o
LOAD ./ra/fsp/src/bsp/mcu/all/bsp_clocks.o
LOAD ./ra/fsp/src/bsp/mcu/all/bsp_common.o
LOAD ./ra/fsp/src/bsp/mcu/all/bsp_delay.o
LOAD ./ra/fsp/src/bsp/mcu/all/bsp_group_irq.o
LOAD ./ra/fsp/src/bsp/mcu/all/bsp_guard.o
LOAD ./ra/fsp/src/bsp/mcu/all/bsp_io.o
LOAD ./ra/fsp/src/bsp/mcu/all/bsp_irq.o
LOAD ./ra/fsp/src/bsp/mcu/all/bsp_macl.o
LOAD ./ra/fsp/src/bsp/mcu/all/bsp_register_protection.o
LOAD ./ra/fsp/src/bsp/mcu/all/bsp_rom_registers.o
LOAD ./ra/fsp/src/bsp/mcu/all/bsp_sbrk.o
LOAD ./ra/fsp/src/bsp/mcu/all/bsp_sdram.o
LOAD ./ra/fsp/src/bsp/mcu/all/bsp_security.o
LOAD ./ra/fsp/src/bsp/cmsis/Device/RENESAS/Source/startup.o
LOAD ./ra/fsp/src/bsp/cmsis/Device/RENESAS/Source/system.o
LOAD ./ra/board/ra4m3_ek/board_init.o
LOAD ./ra/board/ra4m3_ek/board_leds.o
END GROUP
START GROUP
LOAD C:/Program Files (x86)/Arm GNU Toolchain arm-none-eabi/13.3 rel1/bin/../lib/gcc/arm-none-eabi/13.3.1/thumb/v8-m.main+fp/hard\libgcc.a
LOAD C:/Program Files (x86)/Arm GNU Toolchain arm-none-eabi/13.3 rel1/bin/../lib/gcc/arm-none-eabi/13.3.1/thumb/v8-m.main+fp/hard\libg_nano.a
LOAD C:/Program Files (x86)/Arm GNU Toolchain arm-none-eabi/13.3 rel1/bin/../lib/gcc/arm-none-eabi/13.3.1/thumb/v8-m.main+fp/hard\libc_nano.a
END GROUP
START GROUP
LOAD C:/Program Files (x86)/Arm GNU Toolchain arm-none-eabi/13.3 rel1/bin/../lib/gcc/arm-none-eabi/13.3.1/thumb/v8-m.main+fp/hard\libgcc.a
LOAD C:/Program Files (x86)/Arm GNU Toolchain arm-none-eabi/13.3 rel1/bin/../lib/gcc/arm-none-eabi/13.3.1/thumb/v8-m.main+fp/hard\libc_nano.a
END GROUP
LOAD C:/Program Files (x86)/Arm GNU Toolchain arm-none-eabi/13.3 rel1/bin/../lib/gcc/arm-none-eabi/13.3.1/thumb/v8-m.main+fp/hard/crtend.o
LOAD C:/Program Files (x86)/Arm GNU Toolchain arm-none-eabi/13.3 rel1/bin/../lib/gcc/arm-none-eabi/13.3.1/thumb/v8-m.main+fp/hard/crtn.o
                0x20000000                        RAM_START = 0x20000000
                0x00020000                        RAM_LENGTH = 0x20000
                0x00000000                        FLASH_START = 0x0
                0x00100000                        FLASH_LENGTH = 0x100000
                0x08000000                        DATA_FLASH_START = 0x8000000
                0x00002000                        DATA_FLASH_LENGTH = 0x2000
                0x0100a100                        OPTION_SETTING_START = 0x100a100
                0x00000100                        OPTION_SETTING_LENGTH = 0x100
                0x0100a200                        OPTION_SETTING_S_START = 0x100a200
                0x00000100                        OPTION_SETTING_S_LENGTH = 0x100
                0x00000000                        ID_CODE_START = 0x0
                0x00000000                        ID_CODE_LENGTH = 0x0
                0x80010000                        SDRAM_START = 0x80010000
                0x00000000                        SDRAM_LENGTH = 0x0
                0x60000000                        QSPI_FLASH_START = 0x60000000
                0x04000000                        QSPI_FLASH_LENGTH = 0x4000000
                0x80020000                        OSPI_DEVICE_0_START = 0x80020000
                0x00000000                        OSPI_DEVICE_0_LENGTH = 0x0
                0x80030000                        OSPI_DEVICE_1_START = 0x80030000
                0x00000000                        OSPI_DEVICE_1_LENGTH = 0x0
                0x04000000                        QSPI_FLASH_PRV_LENGTH = DEFINED (QSPI_FLASH_SIZE)?ABSOLUTE (QSPI_FLASH_SIZE):ABSOLUTE (QSPI_FLASH_LENGTH)
                0x00000000                        OSPI_DEVICE_0_PRV_LENGTH = DEFINED (OSPI_DEVICE_0_SIZE)?ABSOLUTE (OSPI_DEVICE_0_SIZE):ABSOLUTE (OSPI_DEVICE_0_LENGTH)
                0x00000000                        OSPI_DEVICE_1_PRV_LENGTH = DEFINED (OSPI_DEVICE_1_SIZE)?ABSOLUTE (OSPI_DEVICE_1_SIZE):ABSOLUTE (OSPI_DEVICE_1_LENGTH)
                0x00000000                        __RESERVE_NS_RAM = ((! (DEFINED (PROJECT_NONSECURE)) && DEFINED (RAM_NS_BUFFER_LENGTH)) && (OPTION_SETTING_S_LENGTH != 0x0))
                0x00000000                        ITCM_START = DEFINED (ITCM_START)?ITCM_START:0x0
                0x00000000                        ITCM_LENGTH = DEFINED (ITCM_LENGTH)?ITCM_LENGTH:0x0
                0x00000000                        DTCM_START = DEFINED (DTCM_START)?DTCM_START:0x0
                0x00000000                        DTCM_LENGTH = DEFINED (DTCM_LENGTH)?DTCM_LENGTH:0x0
                0x00000000                        RAM_NS_BUFFER_BLOCK_LENGTH = DEFINED (RAM_NS_BUFFER_LENGTH)?ALIGN (RAM_NS_BUFFER_LENGTH, 0x2000):0x0
                0x00000000                        RAM_NS_BUFFER_LENGTH = DEFINED (RAM_NS_BUFFER_LENGTH)?RAM_NS_BUFFER_LENGTH:0x0
                0x20020000                        RAM_NS_BUFFER_START = ((RAM_START + RAM_LENGTH) - RAM_NS_BUFFER_LENGTH)
                0x20020000                        RAM_NS_BUFFER_BLOCK_START = ((RAM_START + RAM_LENGTH) - RAM_NS_BUFFER_BLOCK_LENGTH)
                0x0100a180                        OPTION_SETTING_START_NS = DEFINED (PROJECT_NONSECURE)?OPTION_SETTING_START:(OPTION_SETTING_START + 0x80)
                0x00000001                        __bl_FSP_BOOTABLE_IMAGE = 0x1
                0x00000001                        __bln_FSP_BOOTABLE_IMAGE = 0x1
                0x00000001                        PROJECT_SECURE_OR_FLAT = (((! (DEFINED (PROJECT_NONSECURE)) || DEFINED (PROJECT_SECURE)) && OPTION_SETTING_LENGTH) && ! (DEFINED (FSP_BOOTABLE_IMAGE)))
                0x00000000                        USE_OPTION_SETTING_NS = (DEFINED (PROJECT_NONSECURE) && ! (DEFINED (FSP_BOOTABLE_IMAGE)))
                0x00000000                        __bl_FLASH_IMAGE_START = ! (DEFINED (FLASH_BOOTLOADER_LENGTH))?0x0:(FLASH_APPLICATION_IMAGE_NUMBER == 0x1)?((FLASH_START + FLASH_BOOTLOADER_LENGTH) + FLASH_BOOTLOADER_HEADER_LENGTH):(DEFINED (BOOTLOADER_SECONDARY_USE_QSPI) || DEFINED (BOOTLOADER_SECONDARY_USE_OSPI_B))?(((FLASH_START + FLASH_BOOTLOADER_LENGTH) + FLASH_BOOTLOADER_SCRATCH_LENGTH) + FLASH_BOOTLOADER_HEADER_LENGTH):((((FLASH_START + FLASH_BOOTLOADER_LENGTH) + FLASH_BOOTLOADER_SCRATCH_LENGTH) + FLASH_APPLICATION_S_LENGTH) + FLASH_BOOTLOADER_HEADER_LENGTH)
                0x00000000                        __bl_FLASH_IMAGE_LENGTH = ! (DEFINED (FLASH_BOOTLOADER_LENGTH))?0x0:(FLASH_APPLICATION_S_LENGTH - FLASH_BOOTLOADER_HEADER_LENGTH)
                0x00000000                        __bl_FLASH_IMAGE_END = (__bl_FLASH_IMAGE_START + __bl_FLASH_IMAGE_LENGTH)
                0x00000000                        __bl_XIP_SECONDARY_FLASH_IMAGE_START = ! (DEFINED (FLASH_BOOTLOADER_LENGTH))?0x0:(((FLASH_START + FLASH_BOOTLOADER_LENGTH) + FLASH_APPLICATION_S_LENGTH) + FLASH_BOOTLOADER_HEADER_LENGTH)
                0x00000000                        __bl_XIP_SECONDARY_FLASH_IMAGE_END = (__bl_XIP_SECONDARY_FLASH_IMAGE_START + __bl_FLASH_IMAGE_LENGTH)
                0x00000000                        __bl_FLASH_IMAGE_START_FROM_MMF_REGION = DEFINED (BOOT_IMAGE_FROM_MMF_REGION)?BOOT_IMAGE_FROM_MMF_REGION:0x0
                0x00000000                        __bl_MEMORY_MIRROR_REGION_START = DEFINED (MMF_REGION_START_ADDR)?MMF_REGION_START_ADDR:0x0
                0x00000000                        __bl_FLASH_NS_START = ! (DEFINED (FLASH_BOOTLOADER_LENGTH))?0x0:(FLASH_APPLICATION_NS_LENGTH == 0x0)?__bl_FLASH_IMAGE_END:((__bl_FLASH_IMAGE_START - FLASH_BOOTLOADER_HEADER_LENGTH) + FLASH_APPLICATION_S_LENGTH)
                0x00000000                        __bl_FLASH_NSC_START = ! (DEFINED (FLASH_BOOTLOADER_LENGTH))?0x0:(FLASH_APPLICATION_NS_LENGTH == 0x0)?__bl_FLASH_IMAGE_END:(__bl_FLASH_IMAGE_END - FLASH_APPLICATION_NSC_LENGTH)
                0x00000000                        __bl_RAM_NS_START = ! (DEFINED (FLASH_BOOTLOADER_LENGTH))?0x0:(FLASH_APPLICATION_NS_LENGTH == 0x0)?(RAM_START + RAM_LENGTH):((RAM_START + RAM_LENGTH) - RAM_APPLICATION_NS_LENGTH)
                0x00000000                        __bl_RAM_NSC_START = ! (DEFINED (FLASH_BOOTLOADER_LENGTH))?0x0:(FLASH_APPLICATION_NS_LENGTH == 0x0)?(RAM_START + RAM_LENGTH):(__bl_RAM_NS_START - RAM_APPLICATION_NSC_LENGTH)
                0x00000000                        __bl_FLASH_NS_IMAGE_START = ! (DEFINED (FLASH_BOOTLOADER_LENGTH))?0x0:(FLASH_APPLICATION_NS_LENGTH == 0x0)?__bl_FLASH_IMAGE_END:(__bl_FLASH_NS_START + FLASH_BOOTLOADER_HEADER_LENGTH_2)
                0x00000000                        __bln_FLASH_IMAGE_START = (__bl_FLASH_NS_IMAGE_START | ! (DEFINED (NS_OFFSET_START))?0x0:NS_OFFSET_START)
                0x00000000                        __bln_FLASH_IMAGE_LENGTH = ! (DEFINED (FLASH_BOOTLOADER_LENGTH))?0x0:(FLASH_APPLICATION_NS_LENGTH == 0x0)?__bl_FLASH_IMAGE_END:(FLASH_APPLICATION_NS_LENGTH - FLASH_BOOTLOADER_HEADER_LENGTH_2)
                0x00000000                        XIP_SECONDARY_SLOT_IMAGE = DEFINED (XIP_SECONDARY_SLOT_IMAGE)?XIP_SECONDARY_SLOT_IMAGE:0x0
                0x00000000                        FLASH_IMAGE_START_FROM_MMF_REGION = ! (DEFINED (FLASH_IMAGE_START_FROM_MMF_REGION))?0x0:FLASH_IMAGE_START_FROM_MMF_REGION
                0x00000000                        MEMORY_MIRROR_REGION_START = ! (DEFINED (MEMORY_MIRROR_REGION_START))?0x0:MEMORY_MIRROR_REGION_START
                0x00000000                        FLASH_ORIGIN = ! (DEFINED (FLASH_IMAGE_START))?FLASH_START:(XIP_SECONDARY_SLOT_IMAGE == 0x1)?XIP_SECONDARY_FLASH_IMAGE_START:(FLASH_IMAGE_START_FROM_MMF_REGION == 0x1)?MEMORY_MIRROR_REGION_START:FLASH_IMAGE_START
                0x00100000                        LIMITED_FLASH_LENGTH = DEFINED (FLASH_IMAGE_LENGTH)?FLASH_IMAGE_LENGTH:DEFINED (FLASH_BOOTLOADER_LENGTH)?FLASH_BOOTLOADER_LENGTH:FLASH_LENGTH
                0x00000034                        OPTION_SETTING_SAS_SIZE = 0x34
                0x000000cc                        OPTION_SETTING_SAS_LENGTH = ! (DEFINED (OPTION_SETTING_LENGTH))?0x0:(OPTION_SETTING_LENGTH == 0x0)?0x0:(OPTION_SETTING_LENGTH - OPTION_SETTING_SAS_SIZE)
START GROUP
LOAD C:/Program Files (x86)/Arm GNU Toolchain arm-none-eabi/13.3 rel1/bin/../lib/gcc/arm-none-eabi/13.3.1/thumb/v8-m.main+fp/hard\libgcc.a
LOAD C:/Program Files (x86)/Arm GNU Toolchain arm-none-eabi/13.3 rel1/bin/../lib/gcc/arm-none-eabi/13.3.1/thumb/v8-m.main+fp/hard\libc.a
LOAD C:/Program Files (x86)/Arm GNU Toolchain arm-none-eabi/13.3 rel1/bin/../lib/gcc/arm-none-eabi/13.3.1/thumb/v8-m.main+fp/hard\libm.a
END GROUP

.text           0x00000000      0xb30
                0x00000000                        __tz_FLASH_S = ABSOLUTE (FLASH_START)
                0x00000000                        __ROM_Start = .
 *(.fixed_vectors*)
 .fixed_vectors
                0x00000000       0x40 ./ra/fsp/src/bsp/cmsis/Device/RENESAS/Source/startup.o
                0x00000000                __Vectors
 *(.application_vectors*)
                0x00000040                        __Vectors_End = .
 *(.flash_gap*)
                0x00000040                        . = (OPTION_SETTING_LENGTH > 0x0)?.:(__ROM_Start + 0x400)
 *(.rom_registers*)
 *(.mcuboot_sce9_key*)
 *(.text*)
 .text.deregister_tm_clones
                0x00000040       0x1c C:/Program Files (x86)/Arm GNU Toolchain arm-none-eabi/13.3 rel1/bin/../lib/gcc/arm-none-eabi/13.3.1/thumb/v8-m.main+fp/hard/crtbegin.o
 .text.register_tm_clones
                0x0000005c       0x28 C:/Program Files (x86)/Arm GNU Toolchain arm-none-eabi/13.3 rel1/bin/../lib/gcc/arm-none-eabi/13.3.1/thumb/v8-m.main+fp/hard/crtbegin.o
 .text.__do_global_dtors_aux
                0x00000084       0x28 C:/Program Files (x86)/Arm GNU Toolchain arm-none-eabi/13.3 rel1/bin/../lib/gcc/arm-none-eabi/13.3.1/thumb/v8-m.main+fp/hard/crtbegin.o
 .text.frame_dummy
                0x000000ac       0x24 C:/Program Files (x86)/Arm GNU Toolchain arm-none-eabi/13.3 rel1/bin/../lib/gcc/arm-none-eabi/13.3.1/thumb/v8-m.main+fp/hard/crtbegin.o
 .text.SysTick_Handler
                0x000000d0       0x10 ./src/qc-middleware/common_utils/common_utils.o
                0x000000d0                SysTick_Handler
 .text.utils_set_LED
                0x000000e0       0x84 ./src/qc-middleware/common_utils/common_utils.o
                0x000000e0                utils_set_LED
 .text.utils_delay_ms
                0x00000164        0x8 ./src/qc-middleware/common_utils/common_utils.o
                0x00000164                utils_delay_ms
 .text.hal_entry
                0x0000016c       0x18 ./src/hal_entry.o
                0x0000016c                hal_entry
 .text.R_BSP_WarmStart
                0x00000184       0x18 ./src/hal_entry.o
                0x00000184                R_BSP_WarmStart
 .text.main_application
                0x0000019c       0x64 ./src/main_application.o
                0x0000019c                main_application
 .text.startup.main
                0x00000200        0xc ./ra_gen/main.o
                0x00000200                main
 .text.bsp_vbatt_init
                0x0000020c       0xe8 ./ra/fsp/src/r_ioport/r_ioport.o
 .text.r_ioport_pins_config
                0x000002f4       0xac ./ra/fsp/src/r_ioport/r_ioport.o
 .text.R_IOPORT_Open
                0x000003a0       0x14 ./ra/fsp/src/r_ioport/r_ioport.o
                0x000003a0                R_IOPORT_Open
 .text.SystemCoreClockUpdate
                0x000003b4       0x28 ./ra/fsp/src/bsp/mcu/all/bsp_clocks.o
                0x000003b4                SystemCoreClockUpdate
 .text.R_BSP_SubClockStabilizeWaitAfterReset
                0x000003dc        0x4 ./ra/fsp/src/bsp/mcu/all/bsp_clocks.o
                0x000003dc                R_BSP_SubClockStabilizeWaitAfterReset
 .text.bsp_clock_init
                0x000003e0      0x140 ./ra/fsp/src/bsp/mcu/all/bsp_clocks.o
                0x000003e0                bsp_clock_init
 .text.R_BSP_Init_RTC
                0x00000520       0xb0 ./ra/fsp/src/bsp/mcu/all/bsp_clocks.o
                0x00000520                R_BSP_Init_RTC
 .text.R_FSP_VersionGet
                0x000005d0       0x10 ./ra/fsp/src/bsp/mcu/all/bsp_common.o
                0x000005d0                R_FSP_VersionGet
 .text.bsp_prv_software_delay_loop
                0x000005e0        0xc ./ra/fsp/src/bsp/mcu/all/bsp_delay.o
                0x000005e0                bsp_prv_software_delay_loop
 .text.R_BSP_SoftwareDelay
                0x000005ec       0x58 ./ra/fsp/src/bsp/mcu/all/bsp_delay.o
                0x000005ec                R_BSP_SoftwareDelay
 .text.NMI_Handler
                0x00000644       0x3c ./ra/fsp/src/bsp/mcu/all/bsp_group_irq.o
                0x00000644                NMI_Handler
 .text.bsp_irq_cfg
                0x00000680       0x68 ./ra/fsp/src/bsp/mcu/all/bsp_irq.o
                0x00000680                bsp_irq_cfg
 .text.R_BSP_RegisterProtectEnable
                0x000006e8       0x60 ./ra/fsp/src/bsp/mcu/all/bsp_register_protection.o
                0x000006e8                R_BSP_RegisterProtectEnable
 .text.R_BSP_RegisterProtectDisable
                0x00000748       0x54 ./ra/fsp/src/bsp/mcu/all/bsp_register_protection.o
                0x00000748                R_BSP_RegisterProtectDisable
 .text.Default_Handler
                0x0000079c        0x4 ./ra/fsp/src/bsp/cmsis/Device/RENESAS/Source/startup.o
                0x0000079c                DebugMon_Handler
                0x0000079c                HardFault_Handler
                0x0000079c                PendSV_Handler
                0x0000079c                UsageFault_Handler
                0x0000079c                SecureFault_Handler
                0x0000079c                Default_Handler
                0x0000079c                MemManage_Handler
                0x0000079c                SVC_Handler
                0x0000079c                BusFault_Handler
 .text.Reset_Handler
                0x000007a0        0xc ./ra/fsp/src/bsp/cmsis/Device/RENESAS/Source/startup.o
                0x000007a0                Reset_Handler
 .text.SystemInit
                0x000007ac       0xe0 ./ra/fsp/src/bsp/cmsis/Device/RENESAS/Source/system.o
                0x000007ac                SystemInit
 .text.bsp_init
                0x0000088c        0x4 ./ra/board/ra4m3_ek/board_init.o
                0x0000088c                bsp_init
 .text.memset   0x00000890       0x10 C:/Program Files (x86)/Arm GNU Toolchain arm-none-eabi/13.3 rel1/bin/../lib/gcc/arm-none-eabi/13.3.1/thumb/v8-m.main+fp/hard\libg_nano.a(libc_a-memset.o)
                0x00000890                memset
 .text.memcpy   0x000008a0       0x1a C:/Program Files (x86)/Arm GNU Toolchain arm-none-eabi/13.3 rel1/bin/../lib/gcc/arm-none-eabi/13.3.1/thumb/v8-m.main+fp/hard\libg_nano.a(libc_a-memcpy-stub.o)
                0x000008a0                memcpy
 *(.version)
 *fill*         0x000008ba        0x2 ff
 .version       0x000008bc       0x50 ./ra/fsp/src/bsp/mcu/all/bsp_common.o
 *(.init)
 .init          0x0000090c        0x4 C:/Program Files (x86)/Arm GNU Toolchain arm-none-eabi/13.3 rel1/bin/../lib/gcc/arm-none-eabi/13.3.1/thumb/v8-m.main+fp/hard/crti.o
                0x0000090c                _init
 .init          0x00000910        0x8 C:/Program Files (x86)/Arm GNU Toolchain arm-none-eabi/13.3 rel1/bin/../lib/gcc/arm-none-eabi/13.3.1/thumb/v8-m.main+fp/hard/crtn.o
 *(.fini)
 .fini          0x00000918        0x4 C:/Program Files (x86)/Arm GNU Toolchain arm-none-eabi/13.3 rel1/bin/../lib/gcc/arm-none-eabi/13.3.1/thumb/v8-m.main+fp/hard/crti.o
                0x00000918                _fini
 .fini          0x0000091c        0x8 C:/Program Files (x86)/Arm GNU Toolchain arm-none-eabi/13.3 rel1/bin/../lib/gcc/arm-none-eabi/13.3.1/thumb/v8-m.main+fp/hard/crtn.o
 *crtbegin.o(.ctors)
 *crtbegin?.o(.ctors)
 *(EXCLUDE_FILE(*crtend.o *crtend?.o) .ctors)
 *(SORT_BY_NAME(.ctors.*))
 *(.ctors)
 *crtbegin.o(.dtors)
 *crtbegin?.o(.dtors)
 *(EXCLUDE_FILE(*crtend.o *crtend?.o) .dtors)
 *(SORT_BY_NAME(.dtors.*))
 *(.dtors)
 *(.rodata*)
 .rodata.g_bsp_pin_cfg
                0x00000924        0xc ./ra_gen/pin_data.o
                0x00000924                g_bsp_pin_cfg
 .rodata.g_bsp_pin_cfg_data
                0x00000930      0x1c0 ./ra_gen/pin_data.o
                0x00000930                g_bsp_pin_cfg_data
 .rodata.g_vbatt_pins_input
                0x00000af0        0x6 ./ra/fsp/src/r_ioport/r_ioport.o
 *fill*         0x00000af6        0x2 ff
 .rodata.g_interrupt_event_link_select
                0x00000af8        0x2 ./ra/fsp/src/bsp/mcu/all/bsp_irq.o
                0x00000af8                g_interrupt_event_link_select
 *fill*         0x00000afa        0x2 ff
 .rodata.g_prcr_masks
                0x00000afc        0x8 ./ra/fsp/src/bsp/mcu/all/bsp_register_protection.o
                0x00000b04                        __usb_dev_descriptor_start_fs = .
 *(.usb_device_desc_fs*)
                0x00000b04                        __usb_cfg_descriptor_start_fs = .
 *(.usb_config_desc_fs*)
                0x00000b04                        __usb_interface_descriptor_start_fs = .
 *(.usb_interface_desc_fs*)
                0x00000b04                        __usb_descriptor_end_fs = .
                0x00000b04                        __usb_dev_descriptor_start_hs = .
 *(.usb_device_desc_hs*)
                0x00000b04                        __usb_cfg_descriptor_start_hs = .
 *(.usb_config_desc_hs*)
                0x00000b04                        __usb_interface_descriptor_start_hs = .
 *(.usb_interface_desc_hs*)
                0x00000b04                        __usb_descriptor_end_hs = .
 *(.eh_frame*)
 .eh_frame      0x00000b04        0x0 C:/Program Files (x86)/Arm GNU Toolchain arm-none-eabi/13.3 rel1/bin/../lib/gcc/arm-none-eabi/13.3.1/thumb/v8-m.main+fp/hard/crtbegin.o
 .eh_frame      0x00000b04       0x28 C:/Program Files (x86)/Arm GNU Toolchain arm-none-eabi/13.3 rel1/bin/../lib/gcc/arm-none-eabi/13.3.1/thumb/v8-m.main+fp/hard\libg_nano.a(libc_a-strlen.o)
 .eh_frame      0x00000b2c        0x4 C:/Program Files (x86)/Arm GNU Toolchain arm-none-eabi/13.3 rel1/bin/../lib/gcc/arm-none-eabi/13.3.1/thumb/v8-m.main+fp/hard/crtend.o
                0x00000b30                        __ROM_End = .
                0x00000040                        __Vectors_Size = (__Vectors_End - __Vectors)

.glue_7         0x00000b30        0x0
 .glue_7        0x00000b30        0x0 linker stubs

.glue_7t        0x00000b30        0x0
 .glue_7t       0x00000b30        0x0 linker stubs

.vfp11_veneer   0x00000b30        0x0
 .vfp11_veneer  0x00000b30        0x0 linker stubs

.v4_bx          0x00000b30        0x0
 .v4_bx         0x00000b30        0x0 linker stubs

.iplt           0x00000b30        0x0
 .iplt          0x00000b30        0x0 C:/Program Files (x86)/Arm GNU Toolchain arm-none-eabi/13.3 rel1/bin/../lib/gcc/arm-none-eabi/13.3.1/thumb/v8-m.main+fp/hard/crtbegin.o
                0x00000b30                        . = .
                0x00000b30                        __itcm_data_pre_location = .

.itcm_data      0x00000000        0x0 load address 0x00000b30
                0x00000000                        __tz_ITCM_S = ABSOLUTE (ITCM_START)
                0x00000000                        __itcm_data_start = .
 *(.itcm_data*)
                0x00000000                        . = ALIGN (0x8)
                0x00000000                        __itcm_data_end = .
                0x00000000                        __tz_ITCM_N = DEFINED (ITCM_NS_START)?ABSOLUTE (ITCM_NS_START):ALIGN (__itcm_data_end, 0x2000)
                0x00000b30                        __itcm_data_init_start = LOADADDR (.itcm_data)
                0x00000b30                        __itcm_data_init_end = (LOADADDR (.itcm_data) + SIZEOF (.itcm_data))
                0x00000001                        ASSERT (((ORIGIN (ITCM) % 0x8) == 0x0), ITCM memory region origin must be aligned to 8 bytes.)
                0x00000001                        ASSERT (((LENGTH (ITCM) % 0x8) == 0x0), ITCM memory region length must be a multiple of 8 bytes.)
                0x00000001                        ASSERT (((LOADADDR (.itcm_data) % 0x10) == 0x0), .itcm_data section must be aligned to 16 bytes.)
                0x00000001                        ASSERT (((SIZEOF (.itcm_data) % 0x8) == 0x0), .itcm_data section size must be a multiple of 8 bytes.)
                0x00000b30                        . = (SIZEOF (.itcm_data) > 0x0)?__itcm_data_init_end:__itcm_data_pre_location
                0x00000b30                        __exidx_start = .

/DISCARD/
 *(.ARM.extab* .gnu.linkonce.armextab.*)
 *(.ARM.exidx* .gnu.linkonce.armexidx.*)
                0x00000b30                        __exidx_end = .
                0x00000b30                        __etext = .
                0x20000000                        __tz_RAM_S = ORIGIN (RAM)

.fsp_dtc_vector_table
                0x20000000        0x0
                0x20000000                        . = ORIGIN (RAM)
 *(.fsp_dtc_vector_table)

.data           0x20000000        0x8 load address 0x00000b30
                0x20000000                        __data_start__ = .
                0x20000000                        . = ALIGN (0x4)
                0x20000000                        __Code_In_RAM_Start = .
 *(.code_in_ram*)
                0x20000000                        __Code_In_RAM_End = .
 *(vtable)
 *(.data.*)
 *(.data)
                0x20000000                        . = ALIGN (0x4)
                0x20000000                        PROVIDE (__preinit_array_start = .)
 *(.preinit_array)
                0x20000000                        PROVIDE (__preinit_array_end = .)
                0x20000000                        . = ALIGN (0x4)
                0x20000000                        PROVIDE (__init_array_start = .)
 *(SORT_BY_NAME(.init_array.*))
 *(.init_array)
 .init_array    0x20000000        0x4 C:/Program Files (x86)/Arm GNU Toolchain arm-none-eabi/13.3 rel1/bin/../lib/gcc/arm-none-eabi/13.3.1/thumb/v8-m.main+fp/hard/crtbegin.o
                0x20000004                        PROVIDE (__init_array_end = .)
                0x20000004                        . = ALIGN (0x4)
                [!provide]                        PROVIDE (__fini_array_start = .)
 *(SORT_BY_NAME(.fini_array.*))
 *(.fini_array)
 .fini_array    0x20000004        0x4 C:/Program Files (x86)/Arm GNU Toolchain arm-none-eabi/13.3 rel1/bin/../lib/gcc/arm-none-eabi/13.3.1/thumb/v8-m.main+fp/hard/crtbegin.o
                [!provide]                        PROVIDE (__fini_array_end = .)
 *(.jcr*)
                0x20000008                        . = ALIGN (0x4)
                0x20000008                        __data_end__ = .

.tm_clone_table
                0x20000008        0x0 load address 0x00000b38
 .tm_clone_table
                0x20000008        0x0 C:/Program Files (x86)/Arm GNU Toolchain arm-none-eabi/13.3 rel1/bin/../lib/gcc/arm-none-eabi/13.3.1/thumb/v8-m.main+fp/hard/crtbegin.o
 .tm_clone_table
                0x20000008        0x0 C:/Program Files (x86)/Arm GNU Toolchain arm-none-eabi/13.3 rel1/bin/../lib/gcc/arm-none-eabi/13.3.1/thumb/v8-m.main+fp/hard/crtend.o

.igot.plt       0x20000008        0x0 load address 0x00000b38
 .igot.plt      0x20000008        0x0 C:/Program Files (x86)/Arm GNU Toolchain arm-none-eabi/13.3 rel1/bin/../lib/gcc/arm-none-eabi/13.3.1/thumb/v8-m.main+fp/hard/crtbegin.o
                0x20000008                        . = .
                0x00000b38                        __dtcm_data_pre_location = (LOADADDR (.data) + SIZEOF (.data))

.dtcm_data      0x00000000        0x0 load address 0x00000b40
                0x00000000                        __tz_DTCM_S = ABSOLUTE (DTCM_START)
                0x00000000                        __dtcm_data_start = .
 *(.dtcm_data*)
                0x00000000                        . = ALIGN (0x8)
                0x00000000                        __dtcm_data_end = .
                0x00000000                        . = __dtcm_data_end

.dtcm_bss       0x00000000        0x0
                0x00000000                        __dtcm_bss_start = .
 *(.dtcm_bss*)
                0x00000000                        . = ALIGN (0x8)
                0x00000000                        __dtcm_bss_end = .
                0x00000000                        __tz_DTCM_N = DEFINED (DTCM_NS_START)?ABSOLUTE (DTCM_NS_START):ALIGN (__dtcm_bss_end, 0x2000)
                0x00000b40                        __dtcm_data_init_start = LOADADDR (.dtcm_data)
                0x00000b40                        __dtcm_data_init_end = (LOADADDR (.dtcm_data) + SIZEOF (.dtcm_data))
                0x00000001                        ASSERT (((ORIGIN (DTCM) % 0x8) == 0x0), DTCM memory region origin must be aligned to 8 bytes.)
                0x00000001                        ASSERT (((LENGTH (DTCM) % 0x8) == 0x0), DTCM memory region length must be a multiple of 8 bytes.)
                0x00000001                        ASSERT ((LOADADDR (.dtcm_bss) == ADDR (.dtcm_bss)), .dtcm_bss has (VMA != LMA) but should be NOLOAD (VMA == LMA).)
                0x00000001                        ASSERT (((LOADADDR (.dtcm_data) % 0x10) == 0x0), .dtcm_data section must be aligned to 16 bytes.)
                0x00000001                        ASSERT (((SIZEOF (.dtcm_data) % 0x8) == 0x0), .dtcm_data section size must be a multiple of 8 bytes.)
                0x00000001                        ASSERT (((LOADADDR (.dtcm_bss) % 0x8) == 0x0), .dtcm_bss section must be aligned to 8 bytes.)
                0x00000001                        ASSERT (((SIZEOF (.dtcm_bss) % 0x8) == 0x0), .dtcm_bss section size must be a multiple of 8 bytes.)
                0x00000001                        ASSERT ((__dtcm_bss_start == __dtcm_data_end), .dtcm_bss section is not adjacent to .dtcm_data section.)
                0x00000b38                        . = (SIZEOF (.dtcm_data) > 0x0)?__dtcm_data_init_end:__dtcm_data_pre_location
                0x00000b38                        sgstubs_pre_location = .
                0x00000c00                        SGSTUBS_LOC = (DEFINED (PROJECT_SECURE) && DEFINED (FLASH_NSC_START))?ABSOLUTE (FLASH_NSC_START):ALIGN (0x400)

.gnu.sgstubs    0x00000c00        0x0
                0x00000c00                        __tz_FLASH_C = DEFINED (FLASH_NSC_START)?ABSOLUTE (FLASH_NSC_START):__RESERVE_NS_RAM?ABSOLUTE ((FLASH_START + FLASH_LENGTH)):ALIGN (0x400)
                0x00000c00                        _start_sg = .
 *(.gnu.sgstubs*)
                0x00000c00                        . = ALIGN (0x20)
                0x00000c00                        _end_sg = .
                0x00008000                        __tz_FLASH_N = DEFINED (FLASH_NS_START)?ABSOLUTE (FLASH_NS_START):__RESERVE_NS_RAM?ABSOLUTE ((FLASH_START + FLASH_LENGTH)):(FLASH_LENGTH < 0x8000)?FLASH_LENGTH:ALIGN (0x8000)
                0x00008000                        FLASH_NS_IMAGE_START = DEFINED (FLASH_NS_IMAGE_START)?FLASH_NS_IMAGE_START:__tz_FLASH_N
                0x60000000                        __tz_QSPI_FLASH_S = ORIGIN (QSPI_FLASH)

.qspi_flash     0x60000000        0x0
                0x60000000                        __qspi_flash_start__ = .
 *(.qspi_flash*)
 *(.code_in_qspi*)
                0x60000000                        __qspi_flash_end__ = .
                0x00000000                        __qspi_flash_code_size__ = (__qspi_flash_end__ - __qspi_flash_start__)
                0x00000b38                        __qspi_flash_code_addr__ = sgstubs_pre_location

.qspi_non_retentive
                0x60000000        0x0 load address 0x00000b38
                0x60000000                        __qspi_non_retentive_start__ = .
 *(.qspi_non_retentive*)
                0x60000000                        __qspi_non_retentive_end__ = .
                0x00000000                        __qspi_non_retentive_size__ = (__qspi_non_retentive_end__ - __qspi_non_retentive_start__)
                0x04000000                        __qspi_region_max_size__ = 0x4000000
                0x60000000                        __qspi_region_start_address__ = __qspi_flash_start__
                0x64000000                        __qspi_region_end_address__ = (__qspi_flash_start__ + __qspi_region_max_size__)
                0x60000000                        __tz_QSPI_FLASH_N = __qspi_non_retentive_end__

.OSPI_DEVICE_0_NO_LOAD
                0x80020000        0x0
                0x80020000                        . = ALIGN (0x4)
                0x80020000                        __ospi_device_0_start__ = .
 *(.ospi_device_0_no_load*)
                0x80020000                        . = ALIGN (0x4)
                0x80020000                        __ospi_device_0_end__ = .

.OSPI_DEVICE_1_NO_LOAD
                0x80030000        0x0
                0x80030000                        . = ALIGN (0x4)
                0x80030000                        __ospi_device_1_start__ = .
 *(.ospi_device_1_no_load*)
                0x80030000                        . = ALIGN (0x4)
                0x80030000                        __ospi_device_1_end__ = .
                0x80020000                        __tz_OSPI_DEVICE_0_S = ORIGIN (OSPI_DEVICE_0)

.OSPI_DEVICE_0  0x80020000        0x0
                0x80020000                        __ospi_device_0_start__ = .
 *(.ospi_device_0*)
 *(.code_in_ospi_device_0*)
                0x80020000                        __ospi_device_0_end__ = .
                0x00000000                        __ospi_device_0_code_size__ = (__ospi_device_0_end__ - __ospi_device_0_start__)
                0x00000b38                        __ospi_device_0_code_addr__ = (sgstubs_pre_location + SIZEOF (.qspi_non_retentive))

.ospi_device_0_non_retentive
                0x80020000        0x0 load address 0x00000b38
                0x80020000                        __ospi_device_0_non_retentive_start__ = .
 *(.ospi_device_0_non_retentive*)
                0x80020000                        __ospi_device_0_non_retentive_end__ = .
                0x00000000                        __ospi_device_0_non_retentive_size__ = (__ospi_device_0_non_retentive_end__ - __ospi_device_0_non_retentive_start__)
                0x08000000                        __ospi_device_0_region_max_size__ = 0x8000000
                0x80020000                        __ospi_device_0_region_start_address__ = __ospi_device_0_start__
                0x88020000                        __ospi_device_0_region_end_address__ = (__ospi_device_0_start__ + __ospi_device_0_region_max_size__)
                0x80020000                        __tz_OSPI_DEVICE_0_N = __ospi_device_0_non_retentive_end__
                0x80030000                        __tz_OSPI_DEVICE_1_S = ORIGIN (OSPI_DEVICE_1)

.OSPI_DEVICE_1  0x80030000        0x0
                0x80030000                        __ospi_device_1_start__ = .
 *(.ospi_device_1*)
 *(.code_in_ospi_device_1*)
                0x80030000                        __ospi_device_1_end__ = .
                0x00000000                        __ospi_device_1_code_size__ = (__ospi_device_1_end__ - __ospi_device_1_start__)
                0x00000b38                        __ospi_device_1_code_addr__ = (sgstubs_pre_location + (SIZEOF (.qspi_non_retentive) + SIZEOF (.ospi_device_0_non_retentive)))

.ospi_device_1_non_retentive
                0x80030000        0x0 load address 0x00000b38
                0x80030000                        __ospi_device_1_non_retentive_start__ = .
 *(.ospi_device_1_non_retentive*)
                0x80030000                        __ospi_device_1_non_retentive_end__ = .
                0x00000000                        __ospi_device_1_non_retentive_size__ = (__ospi_device_1_non_retentive_end__ - __ospi_device_1_non_retentive_start__)
                0x10000000                        __ospi_device_1_region_max_size__ = 0x10000000
                0x80030000                        __ospi_device_1_region_start_address__ = __ospi_device_1_start__
                0x90030000                        __ospi_device_1_region_end_address__ = (__ospi_device_1_start__ + __ospi_device_1_region_max_size__)
                0x80030000                        __tz_OSPI_DEVICE_1_N = __ospi_device_1_non_retentive_end__

.noinit         0x20000008       0x20
                0x20000008                        . = ALIGN (0x4)
                0x20000008                        __noinit_start = .
 *(.noinit*)
 .noinit        0x20000008       0x1c ./ra/fsp/src/bsp/mcu/all/bsp_clocks.o
                0x20000028                        . = ALIGN (0x8)
 *fill*         0x20000024        0x4 
 *(.heap.*)
                0x20000028                        __noinit_end = .

.bss            0x20000028       0x78
                0x20000028                        . = ALIGN (0x4)
                0x20000028                        __bss_start__ = .
 *(.bss*)
 .bss.completed.1
                0x20000028        0x1 C:/Program Files (x86)/Arm GNU Toolchain arm-none-eabi/13.3 rel1/bin/../lib/gcc/arm-none-eabi/13.3.1/thumb/v8-m.main+fp/hard/crtbegin.o
 *fill*         0x20000029        0x3 
 .bss.object.0  0x2000002c       0x18 C:/Program Files (x86)/Arm GNU Toolchain arm-none-eabi/13.3 rel1/bin/../lib/gcc/arm-none-eabi/13.3.1/thumb/v8-m.main+fp/hard/crtbegin.o
 .bss.systick_counter
                0x20000044        0x4 ./src/qc-middleware/common_utils/common_utils.o
 .bss.g_ioport_ctrl
                0x20000048        0x8 ./ra_gen/common_data.o
                0x20000048                g_ioport_ctrl
 .bss.g_bsp_group_irq_sources
                0x20000050       0x40 ./ra/fsp/src/bsp/mcu/all/bsp_group_irq.o
                0x20000050                g_bsp_group_irq_sources
 .bss.g_protect_pfswe_counter
                0x20000090        0x4 ./ra/fsp/src/bsp/mcu/all/bsp_io.o
                0x20000090                g_protect_pfswe_counter
 .bss.g_protect_counters
                0x20000094        0x8 ./ra/fsp/src/bsp/mcu/all/bsp_register_protection.o
                0x20000094                g_protect_counters
 .bss.SystemCoreClock
                0x2000009c        0x4 ./ra/fsp/src/bsp/cmsis/Device/RENESAS/Source/system.o
                0x2000009c                SystemCoreClock
 *(COMMON)
                0x200000a0                        . = ALIGN (0x4)
                0x200000a0                        __bss_end__ = .

.heap           0x200000a0      0x400
                0x200000a0                        . = ALIGN (0x8)
                0x200000a0                        __HeapBase = .
 *(.heap)
 .heap          0x200000a0      0x400 ./ra/fsp/src/bsp/cmsis/Device/RENESAS/Source/startup.o
                0x200004a0                        __HeapLimit = .

.stack_dummy    0x200004a0      0x400
                0x200004a0                        . = ALIGN (0x8)
                0x200004a0                        __StackLimit = .
 *(.stack)
 .stack         0x200004a0      0x400 ./ra/fsp/src/bsp/cmsis/Device/RENESAS/Source/startup.o
                0x200008a0                        __StackTop = .
 *(.stack*)
                0x200008a0                        __StackTopAll = .
                0x200008a0                        PROVIDE (__stack = __StackTopAll)
                0x200008a0                        __RAM_segment_used_end__ = ALIGN (__StackTopAll, 0x4)
                0x20000c00                        __tz_RAM_C = DEFINED (RAM_NSC_START)?ABSOLUTE ((RAM_NSC_START - RAM_NS_BUFFER_BLOCK_LENGTH)):__RESERVE_NS_RAM?ABSOLUTE (RAM_NS_BUFFER_BLOCK_START):ALIGN (__RAM_segment_used_end__, 0x400)
                0x20002000                        __tz_RAM_N = DEFINED (RAM_NS_START)?ABSOLUTE ((RAM_NS_START - RAM_NS_BUFFER_BLOCK_LENGTH)):__RESERVE_NS_RAM?ABSOLUTE (RAM_NS_BUFFER_BLOCK_START):ALIGN (__tz_RAM_C, 0x2000)

.ns_buffer      0x200008a0        0x0
                0x200008a0                        . = __RESERVE_NS_RAM?ABSOLUTE ((RAM_NS_BUFFER_START & 0xffffffe0)):.
 *(.ns_buffer*)

.data_flash     0x08000000        0x0
                0x08000000                        . = ORIGIN (DATA_FLASH)
                0x08000000                        __tz_DATA_FLASH_S = .
                0x08000000                        __Data_Flash_Start = .
 *(.data_flash*)
                0x08000000                        __Data_Flash_End = .
                0x08000000                        __tz_DATA_FLASH_N = DEFINED (DATA_FLASH_NS_START)?ABSOLUTE (DATA_FLASH_NS_START):__RESERVE_NS_RAM?ABSOLUTE ((DATA_FLASH_START + DATA_FLASH_LENGTH)):ALIGN (0x400)
                0x80010000                        __tz_SDRAM_S = ORIGIN (SDRAM)

.sdram          0x80010000        0x0
                0x80010000                        __SDRAM_Start = .
 *(.sdram*)
 *(.frame*)
                0x80010000                        __SDRAM_End = .
                0x80010000                        __tz_SDRAM_N = __SDRAM_End
                0x00000000                        __tz_ID_CODE_S = ORIGIN (ID_CODE)
                0x00000000                        __tz_ID_CODE_N = __tz_ID_CODE_S

.id_code        0x00000000        0x0
                0x00000000                        __ID_Code_Start = .
 *(.id_code*)
                0x00000000                        __ID_Code_End = .
                0x0100a100                        __tz_OPTION_SETTING_S = ORIGIN (OPTION_SETTING_OFS)

.option_setting_ofs
                0x0100a100       0x10
                0x0100a100                        __OPTION_SETTING_OFS_Start = .
 *(.option_setting_ofs0)
 .option_setting_ofs0
                0x0100a100        0x4 ./ra/fsp/src/bsp/mcu/all/bsp_rom_registers.o
                0x0100a104                        . = PROJECT_SECURE_OR_FLAT?(__OPTION_SETTING_OFS_Start + 0x4):__OPTION_SETTING_OFS_Start
 *(.option_setting_ofs2)
                0x0100a110                        . = PROJECT_SECURE_OR_FLAT?(__OPTION_SETTING_OFS_Start + 0x10):__OPTION_SETTING_OFS_Start
 *fill*         0x0100a104        0xc ff
 *(.option_setting_dualsel)
                0x0100a110                        __OPTION_SETTING_OFS_End = .

.option_setting_sas
                0x0100a134        0x4
                0x0100a134                        __OPTION_SETTING_SAS_Start = .
 *(.option_setting_sas)
 .option_setting_sas
                0x0100a134        0x4 ./ra/fsp/src/bsp/mcu/all/bsp_rom_registers.o
                0x0100a138                        __OPTION_SETTING_SAS_End = .
                0x0100a180                        __tz_OPTION_SETTING_N = ABSOLUTE (OPTION_SETTING_START_NS)

.option_setting_ns
                0x0100a100        0x0
                0x0100a100                        __OPTION_SETTING_NS_Start = .
 *(.option_setting_ofs1)
                0x0100a100                        . = USE_OPTION_SETTING_NS?(__OPTION_SETTING_NS_Start + 0x4):__OPTION_SETTING_NS_Start
 *(.option_setting_ofs3)
                0x0100a100                        . = USE_OPTION_SETTING_NS?(__OPTION_SETTING_NS_Start + 0x10):__OPTION_SETTING_NS_Start
 *(.option_setting_banksel)
                0x0100a100                        . = USE_OPTION_SETTING_NS?(__OPTION_SETTING_NS_Start + 0x40):__OPTION_SETTING_NS_Start
 *(.option_setting_bps0)
                0x0100a100                        . = USE_OPTION_SETTING_NS?(__OPTION_SETTING_NS_Start + 0x44):__OPTION_SETTING_NS_Start
 *(.option_setting_bps1)
                0x0100a100                        . = USE_OPTION_SETTING_NS?(__OPTION_SETTING_NS_Start + 0x48):__OPTION_SETTING_NS_Start
 *(.option_setting_bps2)
                0x0100a100                        . = USE_OPTION_SETTING_NS?(__OPTION_SETTING_NS_Start + 0x4c):__OPTION_SETTING_NS_Start
 *(.option_setting_bps3)
                0x0100a100                        . = USE_OPTION_SETTING_NS?(__OPTION_SETTING_NS_Start + 0x60):__OPTION_SETTING_NS_Start
 *(.option_setting_pbps0)
                0x0100a100                        . = USE_OPTION_SETTING_NS?(__OPTION_SETTING_NS_Start + 0x64):__OPTION_SETTING_NS_Start
 *(.option_setting_pbps1)
                0x0100a100                        . = USE_OPTION_SETTING_NS?(__OPTION_SETTING_NS_Start + 0x68):__OPTION_SETTING_NS_Start
 *(.option_setting_pbps2)
                0x0100a100                        . = USE_OPTION_SETTING_NS?(__OPTION_SETTING_NS_Start + 0x6c):__OPTION_SETTING_NS_Start
 *(.option_setting_pbps3)
                0x0100a100                        __OPTION_SETTING_NS_End = .
                0x0100a200                        __tz_OPTION_SETTING_S_S = ORIGIN (OPTION_SETTING_S)

.option_setting_s
                0x0100a200       0xd0
                0x0100a200                        __OPTION_SETTING_S_Start = .
 *(.option_setting_ofs1_sec)
 .option_setting_ofs1_sec
                0x0100a200        0x4 ./ra/fsp/src/bsp/mcu/all/bsp_rom_registers.o
                0x0100a204                        . = PROJECT_SECURE_OR_FLAT?(__OPTION_SETTING_S_Start + 0x4):__OPTION_SETTING_S_Start
 *(.option_setting_ofs3_sec)
                0x0100a210                        . = PROJECT_SECURE_OR_FLAT?(__OPTION_SETTING_S_Start + 0x10):__OPTION_SETTING_S_Start
 *fill*         0x0100a204        0xc ff
 *(.option_setting_banksel_sec)
 .option_setting_banksel_sec
                0x0100a210        0x4 ./ra/fsp/src/bsp/mcu/all/bsp_rom_registers.o
                0x0100a240                        . = PROJECT_SECURE_OR_FLAT?(__OPTION_SETTING_S_Start + 0x40):__OPTION_SETTING_S_Start
 *fill*         0x0100a214       0x2c ff
 *(.option_setting_bps_sec0)
 .option_setting_bps_sec0
                0x0100a240        0x4 ./ra/fsp/src/bsp/mcu/all/bsp_rom_registers.o
                0x0100a244                        . = PROJECT_SECURE_OR_FLAT?(__OPTION_SETTING_S_Start + 0x44):__OPTION_SETTING_S_Start
 *(.option_setting_bps_sec1)
 .option_setting_bps_sec1
                0x0100a244        0x4 ./ra/fsp/src/bsp/mcu/all/bsp_rom_registers.o
                0x0100a248                        . = PROJECT_SECURE_OR_FLAT?(__OPTION_SETTING_S_Start + 0x48):__OPTION_SETTING_S_Start
 *(.option_setting_bps_sec2)
 .option_setting_bps_sec2
                0x0100a248        0x4 ./ra/fsp/src/bsp/mcu/all/bsp_rom_registers.o
                0x0100a24c                        . = PROJECT_SECURE_OR_FLAT?(__OPTION_SETTING_S_Start + 0x4c):__OPTION_SETTING_S_Start
 *(.option_setting_bps_sec3)
 .option_setting_bps_sec3
                0x0100a24c        0x4 ./ra/fsp/src/bsp/mcu/all/bsp_rom_registers.o
                0x0100a260                        . = PROJECT_SECURE_OR_FLAT?(__OPTION_SETTING_S_Start + 0x60):__OPTION_SETTING_S_Start
 *fill*         0x0100a250       0x10 ff
 *(.option_setting_pbps_sec0)
 .option_setting_pbps_sec0
                0x0100a260        0x4 ./ra/fsp/src/bsp/mcu/all/bsp_rom_registers.o
                0x0100a264                        . = PROJECT_SECURE_OR_FLAT?(__OPTION_SETTING_S_Start + 0x64):__OPTION_SETTING_S_Start
 *(.option_setting_pbps_sec1)
 .option_setting_pbps_sec1
                0x0100a264        0x4 ./ra/fsp/src/bsp/mcu/all/bsp_rom_registers.o
                0x0100a268                        . = PROJECT_SECURE_OR_FLAT?(__OPTION_SETTING_S_Start + 0x68):__OPTION_SETTING_S_Start
 *(.option_setting_pbps_sec2)
 .option_setting_pbps_sec2
                0x0100a268        0x4 ./ra/fsp/src/bsp/mcu/all/bsp_rom_registers.o
                0x0100a26c                        . = PROJECT_SECURE_OR_FLAT?(__OPTION_SETTING_S_Start + 0x6c):__OPTION_SETTING_S_Start
 *(.option_setting_pbps_sec3)
 .option_setting_pbps_sec3
                0x0100a26c        0x4 ./ra/fsp/src/bsp/mcu/all/bsp_rom_registers.o
                0x0100a280                        . = PROJECT_SECURE_OR_FLAT?(__OPTION_SETTING_S_Start + 0x80):__OPTION_SETTING_S_Start
 *fill*         0x0100a270       0x10 ff
 *(.option_setting_ofs1_sel)
 .option_setting_ofs1_sel
                0x0100a280        0x4 ./ra/fsp/src/bsp/mcu/all/bsp_rom_registers.o
                0x0100a284                        . = PROJECT_SECURE_OR_FLAT?(__OPTION_SETTING_S_Start + 0x84):__OPTION_SETTING_S_Start
 *(.option_setting_ofs3_sel)
                0x0100a290                        . = PROJECT_SECURE_OR_FLAT?(__OPTION_SETTING_S_Start + 0x90):__OPTION_SETTING_S_Start
 *fill*         0x0100a284        0xc ff
 *(.option_setting_banksel_sel)
 .option_setting_banksel_sel
                0x0100a290        0x4 ./ra/fsp/src/bsp/mcu/all/bsp_rom_registers.o
                0x0100a2c0                        . = PROJECT_SECURE_OR_FLAT?(__OPTION_SETTING_S_Start + 0xc0):__OPTION_SETTING_S_Start
 *fill*         0x0100a294       0x2c ff
 *(.option_setting_bps_sel0)
 .option_setting_bps_sel0
                0x0100a2c0        0x4 ./ra/fsp/src/bsp/mcu/all/bsp_rom_registers.o
                0x0100a2c4                        . = PROJECT_SECURE_OR_FLAT?(__OPTION_SETTING_S_Start + 0xc4):__OPTION_SETTING_S_Start
 *(.option_setting_bps_sel1)
 .option_setting_bps_sel1
                0x0100a2c4        0x4 ./ra/fsp/src/bsp/mcu/all/bsp_rom_registers.o
                0x0100a2c8                        . = PROJECT_SECURE_OR_FLAT?(__OPTION_SETTING_S_Start + 0xc8):__OPTION_SETTING_S_Start
 *(.option_setting_bps_sel2)
 .option_setting_bps_sel2
                0x0100a2c8        0x4 ./ra/fsp/src/bsp/mcu/all/bsp_rom_registers.o
                0x0100a2cc                        . = PROJECT_SECURE_OR_FLAT?(__OPTION_SETTING_S_Start + 0xcc):__OPTION_SETTING_S_Start
 *(.option_setting_bps_sel3)
 .option_setting_bps_sel3
                0x0100a2cc        0x4 ./ra/fsp/src/bsp/mcu/all/bsp_rom_registers.o
                0x0100a2d0                        __OPTION_SETTING_S_End = .
                0x0100a2d0                        __tz_OPTION_SETTING_S_N = __OPTION_SETTING_S_End
OUTPUT(ek_ra4m3_baremetal.elf elf32-littlearm)
LOAD linker stubs

.rel.dyn        0x0100a2d0        0x0
 .rel.iplt      0x0100a2d0        0x0 C:/Program Files (x86)/Arm GNU Toolchain arm-none-eabi/13.3 rel1/bin/../lib/gcc/arm-none-eabi/13.3.1/thumb/v8-m.main+fp/hard/crtbegin.o

.ARM.attributes
                0x00000000       0x36
 .ARM.attributes
                0x00000000       0x26 C:/Program Files (x86)/Arm GNU Toolchain arm-none-eabi/13.3 rel1/bin/../lib/gcc/arm-none-eabi/13.3.1/thumb/v8-m.main+fp/hard/crti.o
 .ARM.attributes
                0x00000026       0x38 C:/Program Files (x86)/Arm GNU Toolchain arm-none-eabi/13.3 rel1/bin/../lib/gcc/arm-none-eabi/13.3.1/thumb/v8-m.main+fp/hard/crtbegin.o
 .ARM.attributes
                0x0000005e       0x3a ./src/qc-middleware/common_utils/common_utils.o
 .ARM.attributes
                0x00000098       0x3a ./src/hal_entry.o
 .ARM.attributes
                0x000000d2       0x3a ./src/main_application.o
 .ARM.attributes
                0x0000010c       0x3a ./ra_gen/common_data.o
 .ARM.attributes
                0x00000146       0x3a ./ra_gen/main.o
 .ARM.attributes
                0x00000180       0x3a ./ra_gen/pin_data.o
 .ARM.attributes
                0x000001ba       0x3a ./ra/fsp/src/r_ioport/r_ioport.o
 .ARM.attributes
                0x000001f4       0x3a ./ra/fsp/src/bsp/mcu/all/bsp_clocks.o
 .ARM.attributes
                0x0000022e       0x3a ./ra/fsp/src/bsp/mcu/all/bsp_common.o
 .ARM.attributes
                0x00000268       0x3a ./ra/fsp/src/bsp/mcu/all/bsp_delay.o
 .ARM.attributes
                0x000002a2       0x3a ./ra/fsp/src/bsp/mcu/all/bsp_group_irq.o
 .ARM.attributes
                0x000002dc       0x3a ./ra/fsp/src/bsp/mcu/all/bsp_io.o
 .ARM.attributes
                0x00000316       0x3a ./ra/fsp/src/bsp/mcu/all/bsp_irq.o
 .ARM.attributes
                0x00000350       0x3a ./ra/fsp/src/bsp/mcu/all/bsp_register_protection.o
 .ARM.attributes
                0x0000038a       0x3a ./ra/fsp/src/bsp/mcu/all/bsp_rom_registers.o
 .ARM.attributes
                0x000003c4       0x3a ./ra/fsp/src/bsp/cmsis/Device/RENESAS/Source/startup.o
 .ARM.attributes
                0x000003fe       0x3a ./ra/fsp/src/bsp/cmsis/Device/RENESAS/Source/system.o
 .ARM.attributes
                0x00000438       0x3a ./ra/board/ra4m3_ek/board_init.o
 .ARM.attributes
                0x00000472       0x38 C:/Program Files (x86)/Arm GNU Toolchain arm-none-eabi/13.3 rel1/bin/../lib/gcc/arm-none-eabi/13.3.1/thumb/v8-m.main+fp/hard\libg_nano.a(libc_a-memset.o)
 .ARM.attributes
                0x000004aa       0x38 C:/Program Files (x86)/Arm GNU Toolchain arm-none-eabi/13.3 rel1/bin/../lib/gcc/arm-none-eabi/13.3.1/thumb/v8-m.main+fp/hard\libg_nano.a(libc_a-memcpy-stub.o)
 .ARM.attributes
                0x000004e2       0x24 C:/Program Files (x86)/Arm GNU Toolchain arm-none-eabi/13.3 rel1/bin/../lib/gcc/arm-none-eabi/13.3.1/thumb/v8-m.main+fp/hard\libg_nano.a(libc_a-strlen.o)
 .ARM.attributes
                0x00000506       0x38 C:/Program Files (x86)/Arm GNU Toolchain arm-none-eabi/13.3 rel1/bin/../lib/gcc/arm-none-eabi/13.3.1/thumb/v8-m.main+fp/hard/crtend.o
 .ARM.attributes
                0x0000053e       0x26 C:/Program Files (x86)/Arm GNU Toolchain arm-none-eabi/13.3 rel1/bin/../lib/gcc/arm-none-eabi/13.3.1/thumb/v8-m.main+fp/hard/crtn.o

.comment        0x00000000       0x45
 .comment       0x00000000       0x45 ./src/qc-middleware/common_utils/common_utils.o
                                 0x46 (size before relaxing)
 .comment       0x00000045       0x46 ./src/hal_entry.o
 .comment       0x00000045       0x46 ./src/main_application.o
 .comment       0x00000045       0x46 ./ra_gen/common_data.o
 .comment       0x00000045       0x46 ./ra_gen/main.o
 .comment       0x00000045       0x46 ./ra_gen/pin_data.o
 .comment       0x00000045       0x46 ./ra/fsp/src/r_ioport/r_ioport.o
 .comment       0x00000045       0x46 ./ra/fsp/src/bsp/mcu/all/bsp_clocks.o
 .comment       0x00000045       0x46 ./ra/fsp/src/bsp/mcu/all/bsp_common.o
 .comment       0x00000045       0x46 ./ra/fsp/src/bsp/mcu/all/bsp_delay.o
 .comment       0x00000045       0x46 ./ra/fsp/src/bsp/mcu/all/bsp_group_irq.o
 .comment       0x00000045       0x46 ./ra/fsp/src/bsp/mcu/all/bsp_io.o
 .comment       0x00000045       0x46 ./ra/fsp/src/bsp/mcu/all/bsp_irq.o
 .comment       0x00000045       0x46 ./ra/fsp/src/bsp/mcu/all/bsp_register_protection.o
 .comment       0x00000045       0x46 ./ra/fsp/src/bsp/mcu/all/bsp_rom_registers.o
 .comment       0x00000045       0x46 ./ra/fsp/src/bsp/cmsis/Device/RENESAS/Source/startup.o
 .comment       0x00000045       0x46 ./ra/fsp/src/bsp/cmsis/Device/RENESAS/Source/system.o
 .comment       0x00000045       0x46 ./ra/board/ra4m3_ek/board_init.o

.debug_info     0x00000000    0x1af08
 .debug_info    0x00000000     0x1fb7 ./src/qc-middleware/common_utils/common_utils.o
 .debug_info    0x00001fb7     0x10ba ./src/hal_entry.o
 .debug_info    0x00003071      0x8ba ./src/main_application.o
 .debug_info    0x0000392b     0x1226 ./ra_gen/common_data.o
 .debug_info    0x00004b51       0xaa ./ra_gen/main.o
 .debug_info    0x00004bfb      0xa31 ./ra_gen/pin_data.o
 .debug_info    0x0000562c     0x76ce ./ra/fsp/src/r_ioport/r_ioport.o
 .debug_info    0x0000ccfa     0x57c9 ./ra/fsp/src/bsp/mcu/all/bsp_clocks.o
 .debug_info    0x000124c3      0x93b ./ra/fsp/src/bsp/mcu/all/bsp_common.o
 .debug_info    0x00012dfe      0x1e2 ./ra/fsp/src/bsp/mcu/all/bsp_delay.o
 .debug_info    0x00012fe0     0x132f ./ra/fsp/src/bsp/mcu/all/bsp_group_irq.o
 .debug_info    0x0001430f       0xb2 ./ra/fsp/src/bsp/mcu/all/bsp_io.o
 .debug_info    0x000143c1     0x1e46 ./ra/fsp/src/bsp/mcu/all/bsp_irq.o
 .debug_info    0x00016207     0x390c ./ra/fsp/src/bsp/mcu/all/bsp_register_protection.o
 .debug_info    0x00019b13      0x1c9 ./ra/fsp/src/bsp/mcu/all/bsp_rom_registers.o
 .debug_info    0x00019cdc      0x177 ./ra/fsp/src/bsp/cmsis/Device/RENESAS/Source/startup.o
 .debug_info    0x00019e53     0x1010 ./ra/fsp/src/bsp/cmsis/Device/RENESAS/Source/system.o
 .debug_info    0x0001ae63       0xa5 ./ra/board/ra4m3_ek/board_init.o

.debug_abbrev   0x00000000     0x2178
 .debug_abbrev  0x00000000      0x499 ./src/qc-middleware/common_utils/common_utils.o
 .debug_abbrev  0x00000499      0x1e4 ./src/hal_entry.o
 .debug_abbrev  0x0000067d       0xc6 ./src/main_application.o
 .debug_abbrev  0x00000743      0x133 ./ra_gen/common_data.o
 .debug_abbrev  0x00000876       0x61 ./ra_gen/main.o
 .debug_abbrev  0x000008d7       0xff ./ra_gen/pin_data.o
 .debug_abbrev  0x000009d6      0x4a6 ./ra/fsp/src/r_ioport/r_ioport.o
 .debug_abbrev  0x00000e7c      0x415 ./ra/fsp/src/bsp/mcu/all/bsp_clocks.o
 .debug_abbrev  0x00001291      0x188 ./ra/fsp/src/bsp/mcu/all/bsp_common.o
 .debug_abbrev  0x00001419      0x113 ./ra/fsp/src/bsp/mcu/all/bsp_delay.o
 .debug_abbrev  0x0000152c      0x256 ./ra/fsp/src/bsp/mcu/all/bsp_group_irq.o
 .debug_abbrev  0x00001782       0x5e ./ra/fsp/src/bsp/mcu/all/bsp_io.o
 .debug_abbrev  0x000017e0      0x299 ./ra/fsp/src/bsp/mcu/all/bsp_irq.o
 .debug_abbrev  0x00001a79      0x27d ./ra/fsp/src/bsp/mcu/all/bsp_register_protection.o
 .debug_abbrev  0x00001cf6       0x4e ./ra/fsp/src/bsp/mcu/all/bsp_rom_registers.o
 .debug_abbrev  0x00001d44       0xf7 ./ra/fsp/src/bsp/cmsis/Device/RENESAS/Source/startup.o
 .debug_abbrev  0x00001e3b      0x2e2 ./ra/fsp/src/bsp/cmsis/Device/RENESAS/Source/system.o
 .debug_abbrev  0x0000211d       0x5b ./ra/board/ra4m3_ek/board_init.o

.debug_loclists
                0x00000000     0x10ea
 .debug_loclists
                0x00000000      0x33f ./src/qc-middleware/common_utils/common_utils.o
 .debug_loclists
                0x0000033f       0x29 ./src/hal_entry.o
 .debug_loclists
                0x00000368      0x7c8 ./ra/fsp/src/r_ioport/r_ioport.o
 .debug_loclists
                0x00000b30      0x265 ./ra/fsp/src/bsp/mcu/all/bsp_clocks.o
 .debug_loclists
                0x00000d95       0x20 ./ra/fsp/src/bsp/mcu/all/bsp_common.o
 .debug_loclists
                0x00000db5      0x11c ./ra/fsp/src/bsp/mcu/all/bsp_delay.o
 .debug_loclists
                0x00000ed1       0x73 ./ra/fsp/src/bsp/mcu/all/bsp_group_irq.o
 .debug_loclists
                0x00000f44       0x76 ./ra/fsp/src/bsp/mcu/all/bsp_irq.o
 .debug_loclists
                0x00000fba       0xa7 ./ra/fsp/src/bsp/mcu/all/bsp_register_protection.o
 .debug_loclists
                0x00001061       0x89 ./ra/fsp/src/bsp/cmsis/Device/RENESAS/Source/system.o

.debug_aranges  0x00000000      0x360
 .debug_aranges
                0x00000000       0x58 ./src/qc-middleware/common_utils/common_utils.o
 .debug_aranges
                0x00000058       0x28 ./src/hal_entry.o
 .debug_aranges
                0x00000080       0x20 ./src/main_application.o
 .debug_aranges
                0x000000a0       0x20 ./ra_gen/common_data.o
 .debug_aranges
                0x000000c0       0x20 ./ra_gen/main.o
 .debug_aranges
                0x000000e0       0x18 ./ra_gen/pin_data.o
 .debug_aranges
                0x000000f8       0x90 ./ra/fsp/src/r_ioport/r_ioport.o
 .debug_aranges
                0x00000188       0x70 ./ra/fsp/src/bsp/mcu/all/bsp_clocks.o
 .debug_aranges
                0x000001f8       0x30 ./ra/fsp/src/bsp/mcu/all/bsp_common.o
 .debug_aranges
                0x00000228       0x28 ./ra/fsp/src/bsp/mcu/all/bsp_delay.o
 .debug_aranges
                0x00000250       0x28 ./ra/fsp/src/bsp/mcu/all/bsp_group_irq.o
 .debug_aranges
                0x00000278       0x18 ./ra/fsp/src/bsp/mcu/all/bsp_io.o
 .debug_aranges
                0x00000290       0x20 ./ra/fsp/src/bsp/mcu/all/bsp_irq.o
 .debug_aranges
                0x000002b0       0x28 ./ra/fsp/src/bsp/mcu/all/bsp_register_protection.o
 .debug_aranges
                0x000002d8       0x18 ./ra/fsp/src/bsp/mcu/all/bsp_rom_registers.o
 .debug_aranges
                0x000002f0       0x28 ./ra/fsp/src/bsp/cmsis/Device/RENESAS/Source/startup.o
 .debug_aranges
                0x00000318       0x28 ./ra/fsp/src/bsp/cmsis/Device/RENESAS/Source/system.o
 .debug_aranges
                0x00000340       0x20 ./ra/board/ra4m3_ek/board_init.o

.debug_rnglists
                0x00000000      0x39c
 .debug_rnglists
                0x00000000       0x8f ./src/qc-middleware/common_utils/common_utils.o
 .debug_rnglists
                0x0000008f       0x19 ./src/hal_entry.o
 .debug_rnglists
                0x000000a8       0x13 ./src/main_application.o
 .debug_rnglists
                0x000000bb       0x13 ./ra_gen/common_data.o
 .debug_rnglists
                0x000000ce       0x13 ./ra_gen/main.o
 .debug_rnglists
                0x000000e1       0xbc ./ra/fsp/src/r_ioport/r_ioport.o
 .debug_rnglists
                0x0000019d       0xc7 ./ra/fsp/src/bsp/mcu/all/bsp_clocks.o
 .debug_rnglists
                0x00000264       0x1f ./ra/fsp/src/bsp/mcu/all/bsp_common.o
 .debug_rnglists
                0x00000283       0x2e ./ra/fsp/src/bsp/mcu/all/bsp_delay.o
 .debug_rnglists
                0x000002b1       0x37 ./ra/fsp/src/bsp/mcu/all/bsp_group_irq.o
 .debug_rnglists
                0x000002e8       0x31 ./ra/fsp/src/bsp/mcu/all/bsp_irq.o
 .debug_rnglists
                0x00000319       0x31 ./ra/fsp/src/bsp/mcu/all/bsp_register_protection.o
 .debug_rnglists
                0x0000034a       0x19 ./ra/fsp/src/bsp/cmsis/Device/RENESAS/Source/startup.o
 .debug_rnglists
                0x00000363       0x26 ./ra/fsp/src/bsp/cmsis/Device/RENESAS/Source/system.o
 .debug_rnglists
                0x00000389       0x13 ./ra/board/ra4m3_ek/board_init.o

.debug_line     0x00000000     0x432d
 .debug_line    0x00000000      0x79a ./src/qc-middleware/common_utils/common_utils.o
 .debug_line    0x0000079a      0x3ba ./src/hal_entry.o
 .debug_line    0x00000b54      0x206 ./src/main_application.o
 .debug_line    0x00000d5a      0x2b9 ./ra_gen/common_data.o
 .debug_line    0x00001013       0x5e ./ra_gen/main.o
 .debug_line    0x00001071      0x222 ./ra_gen/pin_data.o
 .debug_line    0x00001293      0xb34 ./ra/fsp/src/r_ioport/r_ioport.o
 .debug_line    0x00001dc7      0x972 ./ra/fsp/src/bsp/mcu/all/bsp_clocks.o
 .debug_line    0x00002739      0x2a0 ./ra/fsp/src/bsp/mcu/all/bsp_common.o
 .debug_line    0x000029d9      0x2b1 ./ra/fsp/src/bsp/mcu/all/bsp_delay.o
 .debug_line    0x00002c8a      0x31c ./ra/fsp/src/bsp/mcu/all/bsp_group_irq.o
 .debug_line    0x00002fa6      0x17a ./ra/fsp/src/bsp/mcu/all/bsp_io.o
 .debug_line    0x00003120      0x4e6 ./ra/fsp/src/bsp/mcu/all/bsp_irq.o
 .debug_line    0x00003606      0x3d2 ./ra/fsp/src/bsp/mcu/all/bsp_register_protection.o
 .debug_line    0x000039d8      0x129 ./ra/fsp/src/bsp/mcu/all/bsp_rom_registers.o
 .debug_line    0x00003b01      0x1e6 ./ra/fsp/src/bsp/cmsis/Device/RENESAS/Source/startup.o
 .debug_line    0x00003ce7      0x5ec ./ra/fsp/src/bsp/cmsis/Device/RENESAS/Source/system.o
 .debug_line    0x000042d3       0x5a ./ra/board/ra4m3_ek/board_init.o

.debug_str      0x00000000     0x9378
 .debug_str     0x00000000     0x9378 ./src/qc-middleware/common_utils/common_utils.o
                               0x3680 (size before relaxing)
 .debug_str     0x00009378     0x3220 ./src/hal_entry.o
 .debug_str     0x00009378     0x1741 ./src/main_application.o
 .debug_str     0x00009378     0x3343 ./ra_gen/common_data.o
 .debug_str     0x00009378      0x1e5 ./ra_gen/main.o
 .debug_str     0x00009378     0x1dbb ./ra_gen/pin_data.o
 .debug_str     0x00009378     0x5c9d ./ra/fsp/src/r_ioport/r_ioport.o
 .debug_str     0x00009378     0x27a4 ./ra/fsp/src/bsp/mcu/all/bsp_clocks.o
 .debug_str     0x00009378     0x1c38 ./ra/fsp/src/bsp/mcu/all/bsp_common.o
 .debug_str     0x00009378      0x314 ./ra/fsp/src/bsp/mcu/all/bsp_delay.o
 .debug_str     0x00009378     0x219f ./ra/fsp/src/bsp/mcu/all/bsp_group_irq.o
 .debug_str     0x00009378      0x214 ./ra/fsp/src/bsp/mcu/all/bsp_io.o
 .debug_str     0x00009378     0x2270 ./ra/fsp/src/bsp/mcu/all/bsp_irq.o
 .debug_str     0x00009378     0x1b77 ./ra/fsp/src/bsp/mcu/all/bsp_register_protection.o
 .debug_str     0x00009378      0x35e ./ra/fsp/src/bsp/mcu/all/bsp_rom_registers.o
 .debug_str     0x00009378      0x283 ./ra/fsp/src/bsp/cmsis/Device/RENESAS/Source/startup.o
 .debug_str     0x00009378      0x986 ./ra/fsp/src/bsp/cmsis/Device/RENESAS/Source/system.o
 .debug_str     0x00009378      0x1f7 ./ra/board/ra4m3_ek/board_init.o

.debug_frame    0x00000000      0x610
 .debug_frame   0x00000000       0xc4 ./src/qc-middleware/common_utils/common_utils.o
 .debug_frame   0x000000c4       0x3c ./src/hal_entry.o
 .debug_frame   0x00000100       0x28 ./src/main_application.o
 .debug_frame   0x00000128       0x20 ./ra_gen/common_data.o
 .debug_frame   0x00000148       0x28 ./ra_gen/main.o
 .debug_frame   0x00000170      0x17c ./ra/fsp/src/r_ioport/r_ioport.o
 .debug_frame   0x000002ec      0x104 ./ra/fsp/src/bsp/mcu/all/bsp_clocks.o
 .debug_frame   0x000003f0       0x40 ./ra/fsp/src/bsp/mcu/all/bsp_common.o
 .debug_frame   0x00000430       0x48 ./ra/fsp/src/bsp/mcu/all/bsp_delay.o
 .debug_frame   0x00000478       0x3c ./ra/fsp/src/bsp/mcu/all/bsp_group_irq.o
 .debug_frame   0x000004b4       0x30 ./ra/fsp/src/bsp/mcu/all/bsp_irq.o
 .debug_frame   0x000004e4       0x48 ./ra/fsp/src/bsp/mcu/all/bsp_register_protection.o
 .debug_frame   0x0000052c       0x38 ./ra/fsp/src/bsp/cmsis/Device/RENESAS/Source/startup.o
 .debug_frame   0x00000564       0x44 ./ra/fsp/src/bsp/cmsis/Device/RENESAS/Source/system.o
 .debug_frame   0x000005a8       0x20 ./ra/board/ra4m3_ek/board_init.o
 .debug_frame   0x000005c8       0x20 C:/Program Files (x86)/Arm GNU Toolchain arm-none-eabi/13.3 rel1/bin/../lib/gcc/arm-none-eabi/13.3.1/thumb/v8-m.main+fp/hard\libg_nano.a(libc_a-memset.o)
 .debug_frame   0x000005e8       0x28 C:/Program Files (x86)/Arm GNU Toolchain arm-none-eabi/13.3 rel1/bin/../lib/gcc/arm-none-eabi/13.3.1/thumb/v8-m.main+fp/hard\libg_nano.a(libc_a-memcpy-stub.o)

.debug_line_str
                0x00000000       0xef
 .debug_line_str
                0x00000000       0xef C:/Program Files (x86)/Arm GNU Toolchain arm-none-eabi/13.3 rel1/bin/../lib/gcc/arm-none-eabi/13.3.1/thumb/v8-m.main+fp/hard\libg_nano.a(libc_a-strlen.o)
