T66FC 000:001.198   SEGGER J-Link V8.92 Log File
T66FC 000:001.377   DLL Compiled: Dec  3 2025 16:42:11
T66FC 000:001.407   Logging started @ 2026-08-28 23:53
T66FC 000:001.437   Process: C:\Users\a5166677\.eclipse\com.renesas.platform_1181625457\DebugComp\RA\e2-server-gdb.exe
T66FC 000:001.470 - 1.467ms 
T66FC 000:001.510 JLINK_GetDLLVersion()
T66FC 000:001.539 - 0.030ms returns 89200
T66FC 000:009.876 JLINK_OpenEx(...)
T66FC 000:025.836   Firmware: J-Link OB-S124 compiled Aug 13 2025 10:35:02
T66FC 000:027.940   Firmware: J-Link OB-S124 compiled Aug 13 2025 10:35:02
T66FC 000:054.672   Hardware: V1.00
T66FC 000:054.818   S/N: 831265508
T66FC 000:054.863   OEM: SEGGER
T66FC 000:054.907   Feature(s): None
T66FC 000:057.210   Bootloader: 2019 Oct 15
T66FC 000:058.643   USB speed mode: Full speed (12 MBit/s)
T66FC 000:059.808   TELNET listener socket opened on port 19021
T66FC 000:060.136   WEBSRV WEBSRV_Init(): Starting webserver thread(s)
T66FC 000:060.429   WEBSRV Webserver running on local port 19080
T66FC 000:060.701   Looking for J-Link GUI Server exe at: C:\Users\a5166677\.eclipse\com.renesas.platform_1181625457\DebugComp\RA\ARM\Segger_v8.92.0\JLinkGUIServer.exe
T66FC 000:061.186   Looking for J-Link GUI Server exe at: \JLinkGUIServer.exe
T66FC 000:362.161   Failed to connect to J-Link GUI Server.
T66FC 000:362.288 - 352.403ms returns "O.K."
T66FC 000:362.723 JLINK_ExecCommand("ProjectFile=C:\Users\a5166677\e2_studio\workspace\ek_ra4m3_baremetal/ek_ra4m3_baremetal.elf.jlink", ...). 
T66FC 000:410.854 - 48.143ms returns 0x00
T66FC 000:411.388 JLINK_ExecCommand("device=R7FA4M3AF", ...). 
T66FC 000:412.060   Flash bank @ 0x0100A100: SFL: Parsing sectorization info from ELF file
T66FC 000:412.106     FlashDevice.SectorInfo[0]: .SectorSize = 0x00000010, .SectorStartAddr = 0x00000000
T66FC 000:412.130   FlashBank @0x0100A100: Sectorization info from SFL ELF file ignored because sectorization override from DLL / XML file is active.
T66FC 000:413.069   Flash bank @ 0x60000000: SFL: Parsing sectorization info from ELF file
T66FC 000:413.106     FlashDevice.SectorInfo[0]: .SectorSize = 0x00010000, .SectorStartAddr = 0x00000000
T66FC 000:416.534   Device "R7FA4M3AF" selected.
T66FC 000:417.373 - 5.958ms returns 0x00
T66FC 000:417.412 JLINK_TIF_GetAvailable(...)
T66FC 000:418.067 - 0.656ms 
T66FC 000:418.094 JLINK_TIF_Select(JLINKARM_TIF_SWD)
T66FC 000:419.939 - 1.846ms returns 0x00
T66FC 000:419.974 JLINK_SetSpeed(4000)
T66FC 000:420.325 - 0.351ms 
T66FC 000:420.431 JLINK_ReadMem(0xE000EDF0, 0x4 Bytes, ...)
T66FC 000:421.079   ConfigTargetSettings() start
T66FC 000:421.111    J-Link Script File: Executing ConfigTargetSettings()
T66FC 000:421.131   Configuring FlashDLNoRMWThreshold=0x200 in order to make sure that option bytes programming is done via read-modify-write
T66FC 000:441.383   ConfigTargetSettings() end - Took 20.2ms
T66FC 000:441.426   InitTarget() start
T66FC 000:441.452    J-Link Script File: Executing InitTarget()
T66FC 000:441.470   SWD selected. Executing JTAG -> SWD switching sequence.
T66FC 000:446.463   DAP initialized successfully.
T66FC 000:446.552   Determining TrustZone configuration...
T66FC 000:449.490     Secure Debug: Enabled (SSD)
T66FC 000:449.548   Determining currently configured transfer type by reading the AHB-AP CSW register.
T66FC 000:451.821     --> Correct transfer type configured. Done.
T66FC 000:451.993   InitTarget() end - Took 10.5ms
T66FC 000:453.974   Found SW-DP with ID 0x6BA02477
T66FC 000:459.351   DPIDR: 0x6BA02477
T66FC 000:459.455   CoreSight SoC-400 or earlier
T66FC 000:459.479   Scanning AP map to find all available APs
T66FC 000:461.965   AP[2]: Stopped AP scan as end of AP map has been reached
T66FC 000:462.025   AP[0]: AHB-AP (IDR: 0x84770001, ADDR: 0x00000000)
T66FC 000:462.049   AP[1]: APB-AP (IDR: 0x54770002, ADDR: 0x01000000)
T66FC 000:462.073   Iterating through AP map to find AHB-AP to use
T66FC 000:464.251   AP[0]: Core found
T66FC 000:464.305   AP[0]: AHB-AP ROM base: 0xE00FE000
T66FC 000:465.680   CPUID register: 0x410FD214. Implementer code: 0x41 (ARM)
T66FC 000:465.781   Feature set: Mainline
T66FC 000:467.056   Cache: No cache
T66FC 000:467.234   Found Cortex-M33 r0p4, Little endian.
T66FC 000:468.472   -- Max. mem block: 0x00001B78
T66FC 000:470.778   CPU_ReadMem(4 bytes @ 0xE000EDF0)
T66FC 000:472.148   CPU_WriteMem(4 bytes @ 0xE000EDF0)
T66FC 000:473.103   CPU_ReadMem(4 bytes @ 0xE0002000)
T66FC 000:473.900   FPUnit: 8 code (BP) slots and 0 literal slots
T66FC 000:473.947   CPU_ReadMem(4 bytes @ 0xE000EDFC)
T66FC 000:474.879   CPU_WriteMem(4 bytes @ 0xE000EDFC)
T66FC 000:475.835   CPU_ReadMem(4 bytes @ 0xE0001000)
T66FC 000:476.872   CPU_ReadMem(4 bytes @ 0xE0001000)
T66FC 000:477.766   CPU_ReadMem(4 bytes @ 0xE0001028)
T66FC 000:478.709   CPU_ReadMem(4 bytes @ 0xE0001038)
T66FC 000:479.549   CPU_ReadMem(4 bytes @ 0xE0001048)
T66FC 000:480.415   CPU_ReadMem(4 bytes @ 0xE0001058)
T66FC 000:481.355   CPU_WriteMem(4 bytes @ 0xE0001000)
T66FC 000:482.300   CPU_ReadMem(4 bytes @ 0xE000ED88)
T66FC 000:483.185   CPU_WriteMem(4 bytes @ 0xE000ED88)
T66FC 000:484.122   CPU_ReadMem(4 bytes @ 0xE000ED88)
T66FC 000:484.984   CPU_WriteMem(4 bytes @ 0xE000ED88)
T66FC 000:485.862   CPU_ReadMem(4 bytes @ 0xE000EFB8)
T66FC 000:486.721   Security extension: implemented
T66FC 000:486.933   Secure debug: enabled
T66FC 000:486.959   CoreSight components:
T66FC 000:486.983   ROMTbl[0] @ E00FE000
T66FC 000:487.008   CPU_ReadMem(64 bytes @ 0xE00FE000)
T66FC 000:488.629   CPU_ReadMem(32 bytes @ 0xE0044FE0)
T66FC 000:489.887   CPU_ReadMem(4 bytes @ 0xE0044FBC)
T66FC 000:490.765   CPU_ReadMem(4 bytes @ 0xE0044FCC)
T66FC 000:491.703   [0][0]: E0044000 CID B105900D PID 005BB906 DEVARCH 00000000 DEVTYPE 14 CTI (?)
T66FC 000:491.755   CPU_ReadMem(32 bytes @ 0xE0047FE0)
T66FC 000:493.052   CPU_ReadMem(4 bytes @ 0xE0047FBC)
T66FC 000:493.941   CPU_ReadMem(4 bytes @ 0xE0047FCC)
T66FC 000:494.862   [0][1]: E0047000 CID B105900D PID 003BB908 DEVARCH 00000000 DEVTYPE 12 CSTF
T66FC 000:494.889   CPU_ReadMem(32 bytes @ 0xE0048FE0)
T66FC 000:496.056   CPU_ReadMem(4 bytes @ 0xE0048FBC)
T66FC 000:496.906   CPU_ReadMem(4 bytes @ 0xE0048FCC)
T66FC 000:497.777   [0][2]: E0048000 CID B105900D PID 001BB961 DEVARCH 00000000 DEVTYPE 21 TMC
T66FC 000:497.838   CPU_ReadMem(32 bytes @ 0xE0049FE0)
T66FC 000:499.109   [0][3]: E0049000 CID B105F00D PID 001BB101 TSG
T66FC 000:499.178   CPU_ReadMem(32 bytes @ 0xE0040FE0)
T66FC 000:500.422   CPU_ReadMem(4 bytes @ 0xE0040FBC)
T66FC 000:501.293   CPU_ReadMem(4 bytes @ 0xE0040FCC)
T66FC 000:502.219   [0][4]: E0040000 CID B105900D PID 000BBD21 DEVARCH 00000000 DEVTYPE 11 TPIU
T66FC 000:502.287   CPU_ReadMem(32 bytes @ 0xE00FFFE0)
T66FC 000:503.547   [0][5]: E00FF000 CID B105100D PID 000BB4C9 ROM Table
T66FC 000:503.596   ROMTbl[1] @ E00FF000
T66FC 000:503.620   CPU_ReadMem(64 bytes @ 0xE00FF000)
T66FC 000:505.253   CPU_ReadMem(32 bytes @ 0xE000EFE0)
T66FC 000:506.546   CPU_ReadMem(4 bytes @ 0xE000EFBC)
T66FC 000:507.546   CPU_ReadMem(4 bytes @ 0xE000EFCC)
T66FC 000:508.512   [1][0]: E000E000 CID B105900D PID 000BBD21 DEVARCH 47702A04 DEVTYPE 00 Cortex-M33
T66FC 000:508.593   CPU_ReadMem(32 bytes @ 0xE0001FE0)
T66FC 000:509.908   CPU_ReadMem(4 bytes @ 0xE0001FBC)
T66FC 000:510.764   CPU_ReadMem(4 bytes @ 0xE0001FCC)
T66FC 000:511.709   [1][1]: E0001000 CID B105900D PID 000BBD21 DEVARCH 47701A02 DEVTYPE 00 DWT
T66FC 000:511.779   CPU_ReadMem(32 bytes @ 0xE0002FE0)
T66FC 000:513.001   CPU_ReadMem(4 bytes @ 0xE0002FBC)
T66FC 000:513.848   CPU_ReadMem(4 bytes @ 0xE0002FCC)
T66FC 000:514.718   [1][2]: E0002000 CID B105900D PID 000BBD21 DEVARCH 47701A03 DEVTYPE 00 FPB
T66FC 000:514.752   CPU_ReadMem(32 bytes @ 0xE0000FE0)
T66FC 000:515.918   CPU_ReadMem(4 bytes @ 0xE0000FBC)
T66FC 000:516.777   CPU_ReadMem(4 bytes @ 0xE0000FCC)
T66FC 000:517.703   [1][3]: E0000000 CID B105900D PID 000BBD21 DEVARCH 47701A01 DEVTYPE 43 ITM
T66FC 000:517.747   CPU_ReadMem(32 bytes @ 0xE0041FE0)
T66FC 000:518.963   CPU_ReadMem(4 bytes @ 0xE0041FBC)
T66FC 000:519.873   CPU_ReadMem(4 bytes @ 0xE0041FCC)
T66FC 000:520.882   [1][5]: E0041000 CID B105900D PID 002BBD21 DEVARCH 47724A13 DEVTYPE 13 ETM
T66FC 000:520.937   CPU_ReadMem(32 bytes @ 0xE0042FE0)
T66FC 000:522.263   CPU_ReadMem(4 bytes @ 0xE0042FBC)
T66FC 000:523.468   CPU_ReadMem(4 bytes @ 0xE0042FCC)
T66FC 000:524.617   [1][6]: E0042000 CID B105900D PID 000BBD21 DEVARCH 47701A14 DEVTYPE 14 CSS600-CTI
T66FC 000:525.194   CPU_ReadMem(4 bytes @ 0xE000EDF0)
T66FC 000:526.120   Data:  01 00 10 01
T66FC 000:526.196   Debug reg: DHCSR
T66FC 000:526.247 - 105.816ms returns 0
T66FC 000:526.339 JLINK_ReadMem(0x400E002C, 0x4 Bytes, ...)
T66FC 000:526.414   CPU_ReadMem(4 bytes @ 0x400E002C)
T66FC 000:527.359   Data:  02 00 00 00
T66FC 000:527.432 - 1.093ms returns 0
T66FC 000:527.522 JLINK_ReadMem(0xE000EDF0, 0x4 Bytes, ...)
T66FC 000:527.549   CPU_ReadMem(4 bytes @ 0xE000EDF0)
T66FC 000:528.517   Data:  01 00 10 01
T66FC 000:528.570   Debug reg: DHCSR
T66FC 000:528.595 - 1.073ms returns 0
T66FC 000:528.689 JLINK_ReadMem(0xE000EDF0, 0x4 Bytes, ...)
T66FC 000:528.714   CPU_ReadMem(4 bytes @ 0xE000EDF0)
T66FC 000:529.698   Data:  01 00 10 01
T66FC 000:529.750   Debug reg: DHCSR
T66FC 000:529.774 - 1.085ms returns 0
T66FC 000:529.794 JLINK_ReadMem(0x400E001C, 0x4 Bytes, ...)
T66FC 000:529.812   CPU_ReadMem(4 bytes @ 0x400E001C)
T66FC 000:530.695   Data:  00 80 00 00
T66FC 000:530.742 - 0.948ms returns 0
T66FC 000:530.767 JLINK_ReadMem(0xE000EDF0, 0x4 Bytes, ...)
T66FC 000:530.785   CPU_ReadMem(4 bytes @ 0xE000EDF0)
T66FC 000:531.710   Data:  01 00 10 01
T66FC 000:531.766   Debug reg: DHCSR
T66FC 000:531.790 - 1.023ms returns 0
T66FC 000:531.807 JLINK_ReadMem(0x400E0018, 0x4 Bytes, ...)
T66FC 000:531.825   CPU_ReadMem(4 bytes @ 0x400E0018)
T66FC 000:532.763   Data:  00 80 00 00
T66FC 000:532.790 - 0.982ms returns 0
T66FC 000:532.811 JLINK_ReadMem(0xE000EDF0, 0x4 Bytes, ...)
T66FC 000:532.829   CPU_ReadMem(4 bytes @ 0xE000EDF0)
T66FC 000:533.700   Data:  01 00 10 01
T66FC 000:533.734   Debug reg: DHCSR
T66FC 000:533.758 - 0.947ms returns 0
T66FC 000:533.776 JLINK_ReadMem(0x400E0020, 0x4 Bytes, ...)
T66FC 000:533.794   CPU_ReadMem(4 bytes @ 0x400E0020)
T66FC 000:534.603   Data:  00 00 00 00
T66FC 000:534.649 - 0.872ms returns 0
T66FC 000:534.676 JLINK_ReadMem(0xE000EDF0, 0x4 Bytes, ...)
T66FC 000:534.695   CPU_ReadMem(4 bytes @ 0xE000EDF0)
T66FC 000:535.663   Data:  01 00 10 01
T66FC 000:535.726   Debug reg: DHCSR
T66FC 000:535.751 - 1.075ms returns 0
T66FC 000:535.771 JLINK_ReadMem(0x400E0028, 0x4 Bytes, ...)
T66FC 000:535.791   CPU_ReadMem(4 bytes @ 0x400E0028)
T66FC 000:536.607   Data:  00 98 00 00
T66FC 000:536.641 - 0.869ms returns 0
T66FC 000:536.664 JLINK_ReadMem(0xE000EDF0, 0x4 Bytes, ...)
T66FC 000:536.681   CPU_ReadMem(4 bytes @ 0xE000EDF0)
T66FC 000:537.505   Data:  01 00 10 01
T66FC 000:537.547   Debug reg: DHCSR
T66FC 000:537.570 - 0.906ms returns 0
T66FC 000:537.588 JLINK_ReadMem(0x400E0024, 0x4 Bytes, ...)
T66FC 000:537.607   CPU_ReadMem(4 bytes @ 0x400E0024)
T66FC 000:538.472   Data:  00 A0 00 00
T66FC 000:538.504 - 0.915ms returns 0
T66FC 000:538.527 JLINK_ReadMem(0xE000EDF0, 0x4 Bytes, ...)
T66FC 000:538.544   CPU_ReadMem(4 bytes @ 0xE000EDF0)
T66FC 000:539.460   Data:  01 00 10 01
T66FC 000:539.505   Debug reg: DHCSR
T66FC 000:539.528 - 1.001ms returns 0
T66FC 000:539.546 JLINK_ReadMem(0x400E002C, 0x4 Bytes, ...)
T66FC 000:539.563   CPU_ReadMem(4 bytes @ 0x400E002C)
T66FC 000:540.473   Data:  02 00 00 00
T66FC 000:540.521 - 0.975ms returns 0
T66FC 000:540.542 JLINK_ReadMem(0xE000EDF0, 0x4 Bytes, ...)
T66FC 000:540.559   CPU_ReadMem(4 bytes @ 0xE000EDF0)
T66FC 000:541.388   Data:  01 00 10 01
T66FC 000:541.418   Debug reg: DHCSR
T66FC 000:541.441 - 0.899ms returns 0
T66FC 000:541.459 JLINK_ReadMem(0x400E002C, 0x4 Bytes, ...)
T66FC 000:541.477   CPU_ReadMem(4 bytes @ 0x400E002C)
T66FC 000:542.313   Data:  02 00 00 00
T66FC 000:542.362 - 0.903ms returns 0
T66FC 000:546.111 JLINK_Close()
T66FC 000:573.601 - 27.487ms
T66FC 000:573.686   
T66FC 000:573.702   Closed
